Archive member included to satisfy reference by file (symbol)

c:/st/stm32cubeide_1.3.0/stm32cubeide/plugins/com.st.stm32cube.ide.mcu.externaltools.gnu-tools-for-stm32.9-2020-q2-update.win32_1.5.0.202011040924/tools/bin/../lib/gcc/arm-none-eabi/9.3.1/../../../../arm-none-eabi/lib/thumb/v6-m/nofp\libc_nano.a(lib_a-errno.o)
                              Core/Src/syscalls.o (__errno)
c:/st/stm32cubeide_1.3.0/stm32cubeide/plugins/com.st.stm32cube.ide.mcu.externaltools.gnu-tools-for-stm32.9-2020-q2-update.win32_1.5.0.202011040924/tools/bin/../lib/gcc/arm-none-eabi/9.3.1/../../../../arm-none-eabi/lib/thumb/v6-m/nofp\libc_nano.a(lib_a-exit.o)
                              c:/st/stm32cubeide_1.3.0/stm32cubeide/plugins/com.st.stm32cube.ide.mcu.externaltools.gnu-tools-for-stm32.9-2020-q2-update.win32_1.5.0.202011040924/tools/bin/../lib/gcc/arm-none-eabi/9.3.1/../../../../arm-none-eabi/lib/thumb/v6-m/nofp/crt0.o (exit)
c:/st/stm32cubeide_1.3.0/stm32cubeide/plugins/com.st.stm32cube.ide.mcu.externaltools.gnu-tools-for-stm32.9-2020-q2-update.win32_1.5.0.202011040924/tools/bin/../lib/gcc/arm-none-eabi/9.3.1/../../../../arm-none-eabi/lib/thumb/v6-m/nofp\libc_nano.a(lib_a-impure.o)
                              c:/st/stm32cubeide_1.3.0/stm32cubeide/plugins/com.st.stm32cube.ide.mcu.externaltools.gnu-tools-for-stm32.9-2020-q2-update.win32_1.5.0.202011040924/tools/bin/../lib/gcc/arm-none-eabi/9.3.1/../../../../arm-none-eabi/lib/thumb/v6-m/nofp\libc_nano.a(lib_a-exit.o) (_global_impure_ptr)
c:/st/stm32cubeide_1.3.0/stm32cubeide/plugins/com.st.stm32cube.ide.mcu.externaltools.gnu-tools-for-stm32.9-2020-q2-update.win32_1.5.0.202011040924/tools/bin/../lib/gcc/arm-none-eabi/9.3.1/../../../../arm-none-eabi/lib/thumb/v6-m/nofp\libc_nano.a(lib_a-init.o)
                              c:/st/stm32cubeide_1.3.0/stm32cubeide/plugins/com.st.stm32cube.ide.mcu.externaltools.gnu-tools-for-stm32.9-2020-q2-update.win32_1.5.0.202011040924/tools/bin/../lib/gcc/arm-none-eabi/9.3.1/../../../../arm-none-eabi/lib/thumb/v6-m/nofp/crt0.o (__libc_init_array)
c:/st/stm32cubeide_1.3.0/stm32cubeide/plugins/com.st.stm32cube.ide.mcu.externaltools.gnu-tools-for-stm32.9-2020-q2-update.win32_1.5.0.202011040924/tools/bin/../lib/gcc/arm-none-eabi/9.3.1/../../../../arm-none-eabi/lib/thumb/v6-m/nofp\libc_nano.a(lib_a-memset.o)
                              c:/st/stm32cubeide_1.3.0/stm32cubeide/plugins/com.st.stm32cube.ide.mcu.externaltools.gnu-tools-for-stm32.9-2020-q2-update.win32_1.5.0.202011040924/tools/bin/../lib/gcc/arm-none-eabi/9.3.1/../../../../arm-none-eabi/lib/thumb/v6-m/nofp/crt0.o (memset)
c:/st/stm32cubeide_1.3.0/stm32cubeide/plugins/com.st.stm32cube.ide.mcu.externaltools.gnu-tools-for-stm32.9-2020-q2-update.win32_1.5.0.202011040924/tools/bin/../lib/gcc/arm-none-eabi/9.3.1/thumb/v6-m/nofp\libgcc.a(_udivsi3.o)
                              Core/Src/GUI_Paint.o (__aeabi_uidiv)
c:/st/stm32cubeide_1.3.0/stm32cubeide/plugins/com.st.stm32cube.ide.mcu.externaltools.gnu-tools-for-stm32.9-2020-q2-update.win32_1.5.0.202011040924/tools/bin/../lib/gcc/arm-none-eabi/9.3.1/thumb/v6-m/nofp\libgcc.a(_divsi3.o)
                              Core/Src/GUI_Paint.o (__aeabi_idiv)
c:/st/stm32cubeide_1.3.0/stm32cubeide/plugins/com.st.stm32cube.ide.mcu.externaltools.gnu-tools-for-stm32.9-2020-q2-update.win32_1.5.0.202011040924/tools/bin/../lib/gcc/arm-none-eabi/9.3.1/thumb/v6-m/nofp\libgcc.a(_dvmd_tls.o)
                              c:/st/stm32cubeide_1.3.0/stm32cubeide/plugins/com.st.stm32cube.ide.mcu.externaltools.gnu-tools-for-stm32.9-2020-q2-update.win32_1.5.0.202011040924/tools/bin/../lib/gcc/arm-none-eabi/9.3.1/thumb/v6-m/nofp\libgcc.a(_udivsi3.o) (__aeabi_idiv0)
c:/st/stm32cubeide_1.3.0/stm32cubeide/plugins/com.st.stm32cube.ide.mcu.externaltools.gnu-tools-for-stm32.9-2020-q2-update.win32_1.5.0.202011040924/tools/bin/../lib/gcc/arm-none-eabi/9.3.1/thumb/v6-m/nofp\libgcc.a(_aeabi_uldivmod.o)
                              Drivers/STM32L0xx_HAL_Driver/Src/stm32l0xx_hal_rcc.o (__aeabi_uldivmod)
c:/st/stm32cubeide_1.3.0/stm32cubeide/plugins/com.st.stm32cube.ide.mcu.externaltools.gnu-tools-for-stm32.9-2020-q2-update.win32_1.5.0.202011040924/tools/bin/../lib/gcc/arm-none-eabi/9.3.1/thumb/v6-m/nofp\libgcc.a(_muldi3.o)
                              Drivers/STM32L0xx_HAL_Driver/Src/stm32l0xx_hal_rcc.o (__aeabi_lmul)
c:/st/stm32cubeide_1.3.0/stm32cubeide/plugins/com.st.stm32cube.ide.mcu.externaltools.gnu-tools-for-stm32.9-2020-q2-update.win32_1.5.0.202011040924/tools/bin/../lib/gcc/arm-none-eabi/9.3.1/thumb/v6-m/nofp\libgcc.a(_udivmoddi4.o)
                              c:/st/stm32cubeide_1.3.0/stm32cubeide/plugins/com.st.stm32cube.ide.mcu.externaltools.gnu-tools-for-stm32.9-2020-q2-update.win32_1.5.0.202011040924/tools/bin/../lib/gcc/arm-none-eabi/9.3.1/thumb/v6-m/nofp\libgcc.a(_aeabi_uldivmod.o) (__udivmoddi4)
[...]
Memory Configuration

Name             Origin             Length             Attributes
RAM              0x0000000020000000 0x0000000000005000 xrw
FLASH            0x0000000008000000 0x0000000000020000 xr
*default*        0x0000000000000000 0xffffffffffffffff

Linker script and memory map

LOAD c:/st/stm32cubeide_1.3.0/stm32cubeide/plugins/com.st.stm32cube.ide.mcu.externaltools.gnu-tools-for-stm32.9-2020-q2-update.win32_1.5.0.202011040924/tools/bin/../lib/gcc/arm-none-eabi/9.3.1/thumb/v6-m/nofp/crti.o
LOAD c:/st/stm32cubeide_1.3.0/stm32cubeide/plugins/com.st.stm32cube.ide.mcu.externaltools.gnu-tools-for-stm32.9-2020-q2-update.win32_1.5.0.202011040924/tools/bin/../lib/gcc/arm-none-eabi/9.3.1/thumb/v6-m/nofp/crtbegin.o
LOAD c:/st/stm32cubeide_1.3.0/stm32cubeide/plugins/com.st.stm32cube.ide.mcu.externaltools.gnu-tools-for-stm32.9-2020-q2-update.win32_1.5.0.202011040924/tools/bin/../lib/gcc/arm-none-eabi/9.3.1/../../../../arm-none-eabi/lib/thumb/v6-m/nofp/crt0.o
LOAD Core/Src/Display_EPD_W21.o
LOAD Core/Src/Display_EPD_W21_spi.o
LOAD Core/Src/GUI_Paint.o
LOAD Core/Src/font12.o
LOAD Core/Src/font12CN.o
LOAD Core/Src/font16.o
LOAD Core/Src/font20.o
LOAD Core/Src/font24.o
LOAD Core/Src/font24CN.o
LOAD Core/Src/font8.o
LOAD Core/Src/main.o
LOAD Core/Src/stm32l0xx_hal_msp.o
LOAD Core/Src/stm32l0xx_it.o
LOAD Core/Src/syscalls.o
LOAD Core/Src/sysmem.o
LOAD Core/Src/system_stm32l0xx.o
LOAD Core/Startup/startup_stm32l010rbtx.o
LOAD Drivers/STM32L0xx_HAL_Driver/Src/stm32l0xx_hal.o
LOAD Drivers/STM32L0xx_HAL_Driver/Src/stm32l0xx_hal_cortex.o
LOAD Drivers/STM32L0xx_HAL_Driver/Src/stm32l0xx_hal_dma.o
LOAD Drivers/STM32L0xx_HAL_Driver/Src/stm32l0xx_hal_exti.o
LOAD Drivers/STM32L0xx_HAL_Driver/Src/stm32l0xx_hal_flash.o
LOAD Drivers/STM32L0xx_HAL_Driver/Src/stm32l0xx_hal_flash_ex.o
LOAD Drivers/STM32L0xx_HAL_Driver/Src/stm32l0xx_hal_flash_ramfunc.o
LOAD Drivers/STM32L0xx_HAL_Driver/Src/stm32l0xx_hal_gpio.o
LOAD Drivers/STM32L0xx_HAL_Driver/Src/stm32l0xx_hal_i2c.o
LOAD Drivers/STM32L0xx_HAL_Driver/Src/stm32l0xx_hal_i2c_ex.o
LOAD Drivers/STM32L0xx_HAL_Driver/Src/stm32l0xx_hal_pwr.o
LOAD Drivers/STM32L0xx_HAL_Driver/Src/stm32l0xx_hal_pwr_ex.o
LOAD Drivers/STM32L0xx_HAL_Driver/Src/stm32l0xx_hal_rcc.o
LOAD Drivers/STM32L0xx_HAL_Driver/Src/stm32l0xx_hal_rcc_ex.o
LOAD Drivers/STM32L0xx_HAL_Driver/Src/stm32l0xx_hal_tim.o
LOAD Drivers/STM32L0xx_HAL_Driver/Src/stm32l0xx_hal_tim_ex.o
LOAD Drivers/STM32L0xx_HAL_Driver/Src/stm32l0xx_hal_uart.o
LOAD Drivers/STM32L0xx_HAL_Driver/Src/stm32l0xx_hal_uart_ex.o
START GROUP
LOAD c:/st/stm32cubeide_1.3.0/stm32cubeide/plugins/com.st.stm32cube.ide.mcu.externaltools.gnu-tools-for-stm32.9-2020-q2-update.win32_1.5.0.202011040924/tools/bin/../lib/gcc/arm-none-eabi/9.3.1/../../../../arm-none-eabi/lib/thumb/v6-m/nofp\libc_nano.a
LOAD c:/st/stm32cubeide_1.3.0/stm32cubeide/plugins/com.st.stm32cube.ide.mcu.externaltools.gnu-tools-for-stm32.9-2020-q2-update.win32_1.5.0.202011040924/tools/bin/../lib/gcc/arm-none-eabi/9.3.1/../../../../arm-none-eabi/lib/thumb/v6-m/nofp\libm.a
END GROUP
START GROUP
LOAD c:/st/stm32cubeide_1.3.0/stm32cubeide/plugins/com.st.stm32cube.ide.mcu.externaltools.gnu-tools-for-stm32.9-2020-q2-update.win32_1.5.0.202011040924/tools/bin/../lib/gcc/arm-none-eabi/9.3.1/thumb/v6-m/nofp\libgcc.a
LOAD c:/st/stm32cubeide_1.3.0/stm32cubeide/plugins/com.st.stm32cube.ide.mcu.externaltools.gnu-tools-for-stm32.9-2020-q2-update.win32_1.5.0.202011040924/tools/bin/../lib/gcc/arm-none-eabi/9.3.1/../../../../arm-none-eabi/lib/thumb/v6-m/nofp\libc_nano.a
END GROUP
START GROUP
LOAD c:/st/stm32cubeide_1.3.0/stm32cubeide/plugins/com.st.stm32cube.ide.mcu.externaltools.gnu-tools-for-stm32.9-2020-q2-update.win32_1.5.0.202011040924/tools/bin/../lib/gcc/arm-none-eabi/9.3.1/thumb/v6-m/nofp\libgcc.a
LOAD c:/st/stm32cubeide_1.3.0/stm32cubeide/plugins/com.st.stm32cube.ide.mcu.externaltools.gnu-tools-for-stm32.9-2020-q2-update.win32_1.5.0.202011040924/tools/bin/../lib/gcc/arm-none-eabi/9.3.1/../../../../arm-none-eabi/lib/thumb/v6-m/nofp\libc_nano.a
LOAD c:/st/stm32cubeide_1.3.0/stm32cubeide/plugins/com.st.stm32cube.ide.mcu.externaltools.gnu-tools-for-stm32.9-2020-q2-update.win32_1.5.0.202011040924/tools/bin/../lib/gcc/arm-none-eabi/9.3.1/../../../../arm-none-eabi/lib/thumb/v6-m/nofp\libnosys.a
END GROUP
START GROUP
LOAD c:/st/stm32cubeide_1.3.0/stm32cubeide/plugins/com.st.stm32cube.ide.mcu.externaltools.gnu-tools-for-stm32.9-2020-q2-update.win32_1.5.0.202011040924/tools/bin/../lib/gcc/arm-none-eabi/9.3.1/thumb/v6-m/nofp\libgcc.a
LOAD c:/st/stm32cubeide_1.3.0/stm32cubeide/plugins/com.st.stm32cube.ide.mcu.externaltools.gnu-tools-for-stm32.9-2020-q2-update.win32_1.5.0.202011040924/tools/bin/../lib/gcc/arm-none-eabi/9.3.1/../../../../arm-none-eabi/lib/thumb/v6-m/nofp\libc_nano.a
LOAD c:/st/stm32cubeide_1.3.0/stm32cubeide/plugins/com.st.stm32cube.ide.mcu.externaltools.gnu-tools-for-stm32.9-2020-q2-update.win32_1.5.0.202011040924/tools/bin/../lib/gcc/arm-none-eabi/9.3.1/../../../../arm-none-eabi/lib/thumb/v6-m/nofp\libnosys.a
END GROUP
LOAD c:/st/stm32cubeide_1.3.0/stm32cubeide/plugins/com.st.stm32cube.ide.mcu.externaltools.gnu-tools-for-stm32.9-2020-q2-update.win32_1.5.0.202011040924/tools/bin/../lib/gcc/arm-none-eabi/9.3.1/thumb/v6-m/nofp/crtend.o
LOAD c:/st/stm32cubeide_1.3.0/stm32cubeide/plugins/com.st.stm32cube.ide.mcu.externaltools.gnu-tools-for-stm32.9-2020-q2-update.win32_1.5.0.202011040924/tools/bin/../lib/gcc/arm-none-eabi/9.3.1/thumb/v6-m/nofp/crtn.o
                0x0000000020005000                _estack = (ORIGIN (RAM) + LENGTH (RAM))
                0x0000000000000200                _Min_Heap_Size = 0x200
                0x0000000000000400                _Min_Stack_Size = 0x400

.isr_vector     0x0000000008000000       0xc0
                0x0000000008000000                . = ALIGN (0x4)
 *(.isr_vector)
 .isr_vector    0x0000000008000000       0xc0 Core/Startup/startup_stm32l010rbtx.o
                0x0000000008000000                g_pfnVectors
                0x00000000080000c0                . = ALIGN (0x4)

.text           0x00000000080000c0     0x3ec8
                0x00000000080000c0                . = ALIGN (0x4)
 *(.text)
 .text          0x00000000080000c0       0x48 c:/st/stm32cubeide_1.3.0/stm32cubeide/plugins/com.st.stm32cube.ide.mcu.externaltools.gnu-tools-for-stm32.9-2020-q2-update.win32_1.5.0.202011040924/tools/bin/../lib/gcc/arm-none-eabi/9.3.1/thumb/v6-m/nofp/crtbegin.o
 .text          0x0000000008000108      0x114 c:/st/stm32cubeide_1.3.0/stm32cubeide/plugins/com.st.stm32cube.ide.mcu.externaltools.gnu-tools-for-stm32.9-2020-q2-update.win32_1.5.0.202011040924/tools/bin/../lib/gcc/arm-none-eabi/9.3.1/thumb/v6-m/nofp\libgcc.a(_udivsi3.o)
                0x0000000008000108                __aeabi_uidiv
                0x0000000008000108                __udivsi3
                0x0000000008000214                __aeabi_uidivmod
 .text          0x000000000800021c      0x1d4 c:/st/stm32cubeide_1.3.0/stm32cubeide/plugins/com.st.stm32cube.ide.mcu.externaltools.gnu-tools-for-stm32.9-2020-q2-update.win32_1.5.0.202011040924/tools/bin/../lib/gcc/arm-none-eabi/9.3.1/thumb/v6-m/nofp\libgcc.a(_divsi3.o)
                0x000000000800021c                __divsi3
                0x000000000800021c                __aeabi_idiv
                0x00000000080003e8                __aeabi_idivmod
 .text          0x00000000080003f0        0x4 c:/st/stm32cubeide_1.3.0/stm32cubeide/plugins/com.st.stm32cube.ide.mcu.externaltools.gnu-tools-for-stm32.9-2020-q2-update.win32_1.5.0.202011040924/tools/bin/../lib/gcc/arm-none-eabi/9.3.1/thumb/v6-m/nofp\libgcc.a(_dvmd_tls.o)
                0x00000000080003f0                __aeabi_idiv0
                0x00000000080003f0                __aeabi_ldiv0
 .text          0x00000000080003f4       0x40 c:/st/stm32cubeide_1.3.0/stm32cubeide/plugins/com.st.stm32cube.ide.mcu.externaltools.gnu-tools-for-stm32.9-2020-q2-update.win32_1.5.0.202011040924/tools/bin/../lib/gcc/arm-none-eabi/9.3.1/thumb/v6-m/nofp\libgcc.a(_aeabi_uldivmod.o)
                0x00000000080003f4                __aeabi_uldivmod
 .text          0x0000000008000434       0x50 c:/st/stm32cubeide_1.3.0/stm32cubeide/plugins/com.st.stm32cube.ide.mcu.externaltools.gnu-tools-for-stm32.9-2020-q2-update.win32_1.5.0.202011040924/tools/bin/../lib/gcc/arm-none-eabi/9.3.1/thumb/v6-m/nofp\libgcc.a(_muldi3.o)
                0x0000000008000434                __muldi3
                0x0000000008000434                __aeabi_lmul
 .text          0x0000000008000484      0x198 c:/st/stm32cubeide_1.3.0/stm32cubeide/plugins/com.st.stm32cube.ide.mcu.externaltools.gnu-tools-for-stm32.9-2020-q2-update.win32_1.5.0.202011040924/tools/bin/../lib/gcc/arm-none-eabi/9.3.1/thumb/v6-m/nofp\libgcc.a(_udivmoddi4.o)
                0x0000000008000484                __udivmoddi4
 .text          0x000000000800061c       0x18 c:/st/stm32cubeide_1.3.0/stm32cubeide/plugins/com.st.stm32cube.ide.mcu.externaltools.gnu-tools-for-stm32.9-2020-q2-update.win32_1.5.0.202011040924/tools/bin/../lib/gcc/arm-none-eabi/9.3.1/thumb/v6-m/nofp\libgcc.a(_clzdi2.o)
                0x000000000800061c                __clzdi2
 .text          0x0000000008000634       0x3c c:/st/stm32cubeide_1.3.0/stm32cubeide/plugins/com.st.stm32cube.ide.mcu.externaltools.gnu-tools-for-stm32.9-2020-q2-update.win32_1.5.0.202011040924/tools/bin/../lib/gcc/arm-none-eabi/9.3.1/thumb/v6-m/nofp\libgcc.a(_clzsi2.o)
                0x0000000008000634                __clzsi2
 *(.text*)
 .text.delay_xms
                0x0000000008000670       0x34 Core/Src/Display_EPD_W21.o
                0x0000000008000670                delay_xms
 .text.EPD_W21_Init
                0x00000000080006a4       0x88 Core/Src/Display_EPD_W21.o
                0x00000000080006a4                EPD_W21_Init
 .text.EPD_Display
                0x000000000800072c       0xa0 Core/Src/Display_EPD_W21.o
                0x000000000800072c                EPD_Display
 .text.EPD_init
                0x00000000080007cc       0x30 Core/Src/Display_EPD_W21.o
                0x00000000080007cc                EPD_init
 .text.EPD_sleep
                0x00000000080007fc       0x2c Core/Src/Display_EPD_W21.o
                0x00000000080007fc                EPD_sleep
 .text.PIC_display
                0x0000000008000828       0x70 Core/Src/Display_EPD_W21.o
                0x0000000008000828                PIC_display
 .text.PIC_display_Clear
                0x0000000008000898       0x64 Core/Src/Display_EPD_W21.o
                0x0000000008000898                PIC_display_Clear
 .text.lcd_chkstatus
                0x00000000080008fc       0x4c Core/Src/Display_EPD_W21.o
                0x00000000080008fc                lcd_chkstatus
 .text.SPI_Delay
                0x0000000008000948       0x26 Core/Src/Display_EPD_W21_spi.o
                0x0000000008000948                SPI_Delay
 *fill*         0x000000000800096e        0x2 
 .text.SPI_Write
                0x0000000008000970       0x9c Core/Src/Display_EPD_W21_spi.o
                0x0000000008000970                SPI_Write
 .text.EPD_W21_WriteCMD
                0x0000000008000a0c       0x54 Core/Src/Display_EPD_W21_spi.o
                0x0000000008000a0c                EPD_W21_WriteCMD
 .text.EPD_W21_WriteDATA
                0x0000000008000a60       0x54 Core/Src/Display_EPD_W21_spi.o
                0x0000000008000a60                EPD_W21_WriteDATA
 .text.Paint_NewImage
                0x0000000008000ab4       0xd4 Core/Src/GUI_Paint.o
                0x0000000008000ab4                Paint_NewImage
 .text.Paint_SelectImage
                0x0000000008000b88       0x1c Core/Src/GUI_Paint.o
                0x0000000008000b88                Paint_SelectImage
 .text.Paint_SetPixel
                0x0000000008000ba4      0x214 Core/Src/GUI_Paint.o
                0x0000000008000ba4                Paint_SetPixel
 .text.Paint_Clear
                0x0000000008000db8       0x88 Core/Src/GUI_Paint.o
                0x0000000008000db8                Paint_Clear
 .text.Paint_DrawPoint
                0x0000000008000e40      0x1a4 Core/Src/GUI_Paint.o
                0x0000000008000e40                Paint_DrawPoint
 .text.Paint_DrawLine
                0x0000000008000fe4      0x1b8 Core/Src/GUI_Paint.o
                0x0000000008000fe4                Paint_DrawLine
 .text.Paint_DrawRectangle
                0x000000000800119c      0x198 Core/Src/GUI_Paint.o
                0x000000000800119c                Paint_DrawRectangle
 .text.Paint_DrawCircle
                0x0000000008001334      0x49c Core/Src/GUI_Paint.o
                0x0000000008001334                Paint_DrawCircle
 .text.Paint_DrawChar
                0x00000000080017d0      0x1c0 Core/Src/GUI_Paint.o
                0x00000000080017d0                Paint_DrawChar
 .text.Paint_DrawString_EN
                0x0000000008001990       0xf4 Core/Src/GUI_Paint.o
                0x0000000008001990                Paint_DrawString_EN
 .text.Paint_DrawNum
                0x0000000008001a84      0x1cc Core/Src/GUI_Paint.o
                0x0000000008001a84                Paint_DrawNum
 .text.main     0x0000000008001c50      0x2c8 Core/Src/main.o
                0x0000000008001c50                main
 .text.SystemClock_Config
                0x0000000008001f18       0xd8 Core/Src/main.o
                0x0000000008001f18                SystemClock_Config
 .text.MX_USART2_UART_Init
                0x0000000008001ff0       0x60 Core/Src/main.o
 .text.MX_GPIO_Init
                0x0000000008002050      0x164 Core/Src/main.o
 .text.Error_Handler
                0x00000000080021b4        0xa Core/Src/main.o
                0x00000000080021b4                Error_Handler
 *fill*         0x00000000080021be        0x2 
 .text.HAL_MspInit
                0x00000000080021c0       0x28 Core/Src/stm32l0xx_hal_msp.o
                0x00000000080021c0                HAL_MspInit
 .text.HAL_UART_MspInit
                0x00000000080021e8       0x88 Core/Src/stm32l0xx_hal_msp.o
                0x00000000080021e8                HAL_UART_MspInit
 .text.NMI_Handler
                0x0000000008002270        0x6 Core/Src/stm32l0xx_it.o
                0x0000000008002270                NMI_Handler
 .text.HardFault_Handler
                0x0000000008002276        0x6 Core/Src/stm32l0xx_it.o
                0x0000000008002276                HardFault_Handler
 .text.SVC_Handler
                0x000000000800227c        0xa Core/Src/stm32l0xx_it.o
                0x000000000800227c                SVC_Handler
 .text.PendSV_Handler
                0x0000000008002286        0xa Core/Src/stm32l0xx_it.o
                0x0000000008002286                PendSV_Handler
 .text.SysTick_Handler
                0x0000000008002290        0xe Core/Src/stm32l0xx_it.o
                0x0000000008002290                SysTick_Handler
 .text.SystemInit
                0x000000000800229e        0xa Core/Src/system_stm32l0xx.o
                0x000000000800229e                SystemInit
 .text.Reset_Handler
                0x00000000080022a8       0x80 Core/Startup/startup_stm32l010rbtx.o
                0x00000000080022a8                Reset_Handler
 .text.Default_Handler
                0x0000000008002328        0x2 Core/Startup/startup_stm32l010rbtx.o
                0x0000000008002328                I2C1_IRQHandler
                0x0000000008002328                SPI1_IRQHandler
                0x0000000008002328                EXTI2_3_IRQHandler
                0x0000000008002328                ADC1_IRQHandler
                0x0000000008002328                RTC_IRQHandler
                0x0000000008002328                DMA1_Channel4_5_6_7_IRQHandler
                0x0000000008002328                EXTI4_15_IRQHandler
                0x0000000008002328                RCC_IRQHandler
                0x0000000008002328                DMA1_Channel1_IRQHandler
                0x0000000008002328                Default_Handler
                0x0000000008002328                TIM22_IRQHandler
                0x0000000008002328                EXTI0_1_IRQHandler
                0x0000000008002328                TIM21_IRQHandler
                0x0000000008002328                WWDG_IRQHandler
                0x0000000008002328                LPUART1_IRQHandler
                0x0000000008002328                TIM2_IRQHandler
                0x0000000008002328                DMA1_Channel2_3_IRQHandler
                0x0000000008002328                USART2_IRQHandler
                0x0000000008002328                FLASH_IRQHandler
                0x0000000008002328                LPTIM1_IRQHandler
 *fill*         0x000000000800232a        0x2 
 .text.HAL_Init
                0x000000000800232c       0x40 Drivers/STM32L0xx_HAL_Driver/Src/stm32l0xx_hal.o
                0x000000000800232c                HAL_Init
 .text.HAL_InitTick
                0x000000000800236c       0x68 Drivers/STM32L0xx_HAL_Driver/Src/stm32l0xx_hal.o
                0x000000000800236c                HAL_InitTick
 .text.HAL_IncTick
                0x00000000080023d4       0x24 Drivers/STM32L0xx_HAL_Driver/Src/stm32l0xx_hal.o
                0x00000000080023d4                HAL_IncTick
 .text.HAL_GetTick
                0x00000000080023f8       0x14 Drivers/STM32L0xx_HAL_Driver/Src/stm32l0xx_hal.o
                0x00000000080023f8                HAL_GetTick
 .text.HAL_Delay
                0x000000000800240c       0x48 Drivers/STM32L0xx_HAL_Driver/Src/stm32l0xx_hal.o
                0x000000000800240c                HAL_Delay
 .text.__NVIC_SetPriority
                0x0000000008002454       0xdc Drivers/STM32L0xx_HAL_Driver/Src/stm32l0xx_hal_cortex.o
 .text.SysTick_Config
                0x0000000008002530       0x48 Drivers/STM32L0xx_HAL_Driver/Src/stm32l0xx_hal_cortex.o
 .text.HAL_NVIC_SetPriority
                0x0000000008002578       0x2a Drivers/STM32L0xx_HAL_Driver/Src/stm32l0xx_hal_cortex.o
                0x0000000008002578                HAL_NVIC_SetPriority
 .text.HAL_SYSTICK_Config
                0x00000000080025a2       0x1a Drivers/STM32L0xx_HAL_Driver/Src/stm32l0xx_hal_cortex.o
                0x00000000080025a2                HAL_SYSTICK_Config
 .text.HAL_GPIO_Init
                0x00000000080025bc      0x2fc Drivers/STM32L0xx_HAL_Driver/Src/stm32l0xx_hal_gpio.o
                0x00000000080025bc                HAL_GPIO_Init
 .text.HAL_GPIO_ReadPin
                0x00000000080028b8       0x3a Drivers/STM32L0xx_HAL_Driver/Src/stm32l0xx_hal_gpio.o
                0x00000000080028b8                HAL_GPIO_ReadPin
 .text.HAL_GPIO_WritePin
                0x00000000080028f2       0x3a Drivers/STM32L0xx_HAL_Driver/Src/stm32l0xx_hal_gpio.o
                0x00000000080028f2                HAL_GPIO_WritePin
 .text.HAL_RCC_OscConfig
                0x000000000800292c      0x6f8 Drivers/STM32L0xx_HAL_Driver/Src/stm32l0xx_hal_rcc.o
                0x000000000800292c                HAL_RCC_OscConfig
 .text.HAL_RCC_ClockConfig
                0x0000000008003024      0x290 Drivers/STM32L0xx_HAL_Driver/Src/stm32l0xx_hal_rcc.o
                0x0000000008003024                HAL_RCC_ClockConfig
 .text.HAL_RCC_GetSysClockFreq
                0x00000000080032b4      0x14c Drivers/STM32L0xx_HAL_Driver/Src/stm32l0xx_hal_rcc.o
                0x00000000080032b4                HAL_RCC_GetSysClockFreq
 .text.HAL_RCC_GetHCLKFreq
                0x0000000008003400       0x14 Drivers/STM32L0xx_HAL_Driver/Src/stm32l0xx_hal_rcc.o
                0x0000000008003400                HAL_RCC_GetHCLKFreq
 .text.HAL_RCC_GetPCLK1Freq
                0x0000000008003414       0x2c Drivers/STM32L0xx_HAL_Driver/Src/stm32l0xx_hal_rcc.o
                0x0000000008003414                HAL_RCC_GetPCLK1Freq
 .text.HAL_RCC_GetPCLK2Freq
                0x0000000008003440       0x2c Drivers/STM32L0xx_HAL_Driver/Src/stm32l0xx_hal_rcc.o
                0x0000000008003440                HAL_RCC_GetPCLK2Freq
 .text.HAL_RCCEx_PeriphCLKConfig
                0x000000000800346c      0x24c Drivers/STM32L0xx_HAL_Driver/Src/stm32l0xx_hal_rcc_ex.o
                0x000000000800346c                HAL_RCCEx_PeriphCLKConfig
 .text.HAL_UART_Init
                0x00000000080036b8       0xa8 Drivers/STM32L0xx_HAL_Driver/Src/stm32l0xx_hal_uart.o
                0x00000000080036b8                HAL_UART_Init
 .text.UART_SetConfig
                0x0000000008003760      0x4c4 Drivers/STM32L0xx_HAL_Driver/Src/stm32l0xx_hal_uart.o
                0x0000000008003760                UART_SetConfig
 .text.UART_AdvFeatureConfig
                0x0000000008003c24      0x168 Drivers/STM32L0xx_HAL_Driver/Src/stm32l0xx_hal_uart.o
                0x0000000008003c24                UART_AdvFeatureConfig
 .text.UART_CheckIdleState
                0x0000000008003d8c       0x90 Drivers/STM32L0xx_HAL_Driver/Src/stm32l0xx_hal_uart.o
                0x0000000008003d8c                UART_CheckIdleState
 .text.UART_WaitOnFlagUntilTimeout
                0x0000000008003e1c       0xfc Drivers/STM32L0xx_HAL_Driver/Src/stm32l0xx_hal_uart.o
                0x0000000008003e1c                UART_WaitOnFlagUntilTimeout
 .text.__libc_init_array
                0x0000000008003f18       0x48 c:/st/stm32cubeide_1.3.0/stm32cubeide/plugins/com.st.stm32cube.ide.mcu.externaltools.gnu-tools-for-stm32.9-2020-q2-update.win32_1.5.0.202011040924/tools/bin/../lib/gcc/arm-none-eabi/9.3.1/../../../../arm-none-eabi/lib/thumb/v6-m/nofp\libc_nano.a(lib_a-init.o)
                0x0000000008003f18                __libc_init_array
 .text.memset   0x0000000008003f60       0x10 c:/st/stm32cubeide_1.3.0/stm32cubeide/plugins/com.st.stm32cube.ide.mcu.externaltools.gnu-tools-for-stm32.9-2020-q2-update.win32_1.5.0.202011040924/tools/bin/../lib/gcc/arm-none-eabi/9.3.1/../../../../arm-none-eabi/lib/thumb/v6-m/nofp\libc_nano.a(lib_a-memset.o)
                0x0000000008003f60                memset
 *(.glue_7)
 .glue_7        0x0000000008003f70        0x0 linker stubs
 *(.glue_7t)
 .glue_7t       0x0000000008003f70        0x0 linker stubs
 *(.eh_frame)
 .eh_frame      0x0000000008003f70        0x0 c:/st/stm32cubeide_1.3.0/stm32cubeide/plugins/com.st.stm32cube.ide.mcu.externaltools.gnu-tools-for-stm32.9-2020-q2-update.win32_1.5.0.202011040924/tools/bin/../lib/gcc/arm-none-eabi/9.3.1/thumb/v6-m/nofp/crtbegin.o
 *(.init)
 .init          0x0000000008003f70        0x4 c:/st/stm32cubeide_1.3.0/stm32cubeide/plugins/com.st.stm32cube.ide.mcu.externaltools.gnu-tools-for-stm32.9-2020-q2-update.win32_1.5.0.202011040924/tools/bin/../lib/gcc/arm-none-eabi/9.3.1/thumb/v6-m/nofp/crti.o
                0x0000000008003f70                _init
 .init          0x0000000008003f74        0x8 c:/st/stm32cubeide_1.3.0/stm32cubeide/plugins/com.st.stm32cube.ide.mcu.externaltools.gnu-tools-for-stm32.9-2020-q2-update.win32_1.5.0.202011040924/tools/bin/../lib/gcc/arm-none-eabi/9.3.1/thumb/v6-m/nofp/crtn.o
 *(.fini)
 .fini          0x0000000008003f7c        0x4 c:/st/stm32cubeide_1.3.0/stm32cubeide/plugins/com.st.stm32cube.ide.mcu.externaltools.gnu-tools-for-stm32.9-2020-q2-update.win32_1.5.0.202011040924/tools/bin/../lib/gcc/arm-none-eabi/9.3.1/thumb/v6-m/nofp/crti.o
                0x0000000008003f7c                _fini
 .fini          0x0000000008003f80        0x8 c:/st/stm32cubeide_1.3.0/stm32cubeide/plugins/com.st.stm32cube.ide.mcu.externaltools.gnu-tools-for-stm32.9-2020-q2-update.win32_1.5.0.202011040924/tools/bin/../lib/gcc/arm-none-eabi/9.3.1/thumb/v6-m/nofp/crtn.o
                0x0000000008003f88                . = ALIGN (0x4)
                0x0000000008003f88                _etext = .

.vfp11_veneer   0x0000000008003f88        0x0
 .vfp11_veneer  0x0000000008003f88        0x0 linker stubs

.v4_bx          0x0000000008003f88        0x0
 .v4_bx         0x0000000008003f88        0x0 linker stubs

.iplt           0x0000000008003f88        0x0
 .iplt          0x0000000008003f88        0x0 c:/st/stm32cubeide_1.3.0/stm32cubeide/plugins/com.st.stm32cube.ide.mcu.externaltools.gnu-tools-for-stm32.9-2020-q2-update.win32_1.5.0.202011040924/tools/bin/../lib/gcc/arm-none-eabi/9.3.1/thumb/v6-m/nofp/crtbegin.o

.rodata         0x0000000008003f88     0x481c
                0x0000000008003f88                . = ALIGN (0x4)
 *(.rodata)
 .rodata        0x0000000008003f88        0xd Core/Src/main.o
 *(.rodata*)
 *fill*         0x0000000008003f95        0x3 
 .rodata.Font12_Table
                0x0000000008003f98      0x474 Core/Src/font12.o
                0x0000000008003f98                Font12_Table
 .rodata.Font16_Table
                0x000000000800440c      0xbe0 Core/Src/font16.o
                0x000000000800440c                Font16_Table
 .rodata.Font20_Table
                0x0000000008004fec      0xed8 Core/Src/font20.o
                0x0000000008004fec                Font20_Table
 .rodata.Font24_Table
                0x0000000008005ec4     0x1ab8 Core/Src/font24.o
                0x0000000008005ec4                Font24_Table
 .rodata.Font8_Table
                0x000000000800797c      0x2f8 Core/Src/font8.o
                0x000000000800797c                Font8_Table
 .rodata.gImage_1
                0x0000000008007c74      0xac4 Core/Src/main.o
                0x0000000008007c74                gImage_1
 .rodata.AHBPrescTable
                0x0000000008008738       0x10 Core/Src/system_stm32l0xx.o
                0x0000000008008738                AHBPrescTable
 .rodata.APBPrescTable
                0x0000000008008748        0x8 Core/Src/system_stm32l0xx.o
                0x0000000008008748                APBPrescTable
 .rodata.PLLMulTable
                0x0000000008008750        0x9 Core/Src/system_stm32l0xx.o
                0x0000000008008750                PLLMulTable
 *fill*         0x0000000008008759        0x3 
 .rodata.UART_SetConfig
                0x000000000800875c       0x48 Drivers/STM32L0xx_HAL_Driver/Src/stm32l0xx_hal_uart.o
                0x00000000080087a4                . = ALIGN (0x4)

.ARM.extab      0x00000000080087a4        0x0
                0x00000000080087a4                . = ALIGN (0x4)
 *(.ARM.extab* .gnu.linkonce.armextab.*)
                0x00000000080087a4                . = ALIGN (0x4)

.ARM            0x00000000080087a4        0x8
                0x00000000080087a4                . = ALIGN (0x4)
                0x00000000080087a4                __exidx_start = .
 *(.ARM.exidx*)
 .ARM.exidx     0x00000000080087a4        0x8 c:/st/stm32cubeide_1.3.0/stm32cubeide/plugins/com.st.stm32cube.ide.mcu.externaltools.gnu-tools-for-stm32.9-2020-q2-update.win32_1.5.0.202011040924/tools/bin/../lib/gcc/arm-none-eabi/9.3.1/thumb/v6-m/nofp\libgcc.a(_udivmoddi4.o)
                0x00000000080087ac                __exidx_end = .
                0x00000000080087ac                . = ALIGN (0x4)

.rel.dyn        0x00000000080087ac        0x0
 .rel.iplt      0x00000000080087ac        0x0 c:/st/stm32cubeide_1.3.0/stm32cubeide/plugins/com.st.stm32cube.ide.mcu.externaltools.gnu-tools-for-stm32.9-2020-q2-update.win32_1.5.0.202011040924/tools/bin/../lib/gcc/arm-none-eabi/9.3.1/thumb/v6-m/nofp/crtbegin.o

.preinit_array  0x00000000080087ac        0x0
                0x00000000080087ac                . = ALIGN (0x4)
                0x00000000080087ac                PROVIDE (__preinit_array_start = .)
 *(.preinit_array*)
                0x00000000080087ac                PROVIDE (__preinit_array_end = .)
                0x00000000080087ac                . = ALIGN (0x4)

.init_array     0x00000000080087ac        0x4
                0x00000000080087ac                . = ALIGN (0x4)
                0x00000000080087ac                PROVIDE (__init_array_start = .)
 *(SORT_BY_NAME(.init_array.*))
 *(.init_array*)
 .init_array    0x00000000080087ac        0x4 c:/st/stm32cubeide_1.3.0/stm32cubeide/plugins/com.st.stm32cube.ide.mcu.externaltools.gnu-tools-for-stm32.9-2020-q2-update.win32_1.5.0.202011040924/tools/bin/../lib/gcc/arm-none-eabi/9.3.1/thumb/v6-m/nofp/crtbegin.o
                0x00000000080087b0                PROVIDE (__init_array_end = .)
                0x00000000080087b0                . = ALIGN (0x4)

.fini_array     0x00000000080087b0        0x4
                0x00000000080087b0                . = ALIGN (0x4)
                [!provide]                        PROVIDE (__fini_array_start = .)
 *(SORT_BY_NAME(.fini_array.*))
 *(.fini_array*)
 .fini_array    0x00000000080087b0        0x4 c:/st/stm32cubeide_1.3.0/stm32cubeide/plugins/com.st.stm32cube.ide.mcu.externaltools.gnu-tools-for-stm32.9-2020-q2-update.win32_1.5.0.202011040924/tools/bin/../lib/gcc/arm-none-eabi/9.3.1/thumb/v6-m/nofp/crtbegin.o
                [!provide]                        PROVIDE (__fini_array_end = .)
                0x00000000080087b4                . = ALIGN (0x4)
                0x00000000080087b4                _sidata = LOADADDR (.data)

.data           0x0000000020000000       0x34 load address 0x00000000080087b4
                0x0000000020000000                . = ALIGN (0x4)
                0x0000000020000000                _sdata = .
 *(.data)
 *(.data*)
 .data.Font12   0x0000000020000000        0x8 Core/Src/font12.o
                0x0000000020000000                Font12
 .data.Font16   0x0000000020000008        0x8 Core/Src/font16.o
                0x0000000020000008                Font16
 .data.Font20   0x0000000020000010        0x8 Core/Src/font20.o
                0x0000000020000010                Font20
 .data.Font24   0x0000000020000018        0x8 Core/Src/font24.o
                0x0000000020000018                Font24
 .data.Font8    0x0000000020000020        0x8 Core/Src/font8.o
                0x0000000020000020                Font8
 .data.SystemCoreClock
                0x0000000020000028        0x4 Core/Src/system_stm32l0xx.o
                0x0000000020000028                SystemCoreClock
 .data.uwTickPrio
                0x000000002000002c        0x4 Drivers/STM32L0xx_HAL_Driver/Src/stm32l0xx_hal.o
                0x000000002000002c                uwTickPrio
 .data.uwTickFreq
                0x0000000020000030        0x1 Drivers/STM32L0xx_HAL_Driver/Src/stm32l0xx_hal.o
                0x0000000020000030                uwTickFreq
 *(.RamFunc)
 *(.RamFunc*)
                0x0000000020000034                . = ALIGN (0x4)
 *fill*         0x0000000020000031        0x3 
                0x0000000020000034                _edata = .

.igot.plt       0x0000000020000034        0x0 load address 0x00000000080087e8
 .igot.plt      0x0000000020000034        0x0 c:/st/stm32cubeide_1.3.0/stm32cubeide/plugins/com.st.stm32cube.ide.mcu.externaltools.gnu-tools-for-stm32.9-2020-q2-update.win32_1.5.0.202011040924/tools/bin/../lib/gcc/arm-none-eabi/9.3.1/thumb/v6-m/nofp/crtbegin.o
                0x0000000020000034                . = ALIGN (0x4)

.bss            0x0000000020000034      0xc04 load address 0x00000000080087e8
                0x0000000020000034                _sbss = .
                0x0000000020000034                __bss_start__ = _sbss
 *(.bss)
 .bss           0x0000000020000034       0x1c c:/st/stm32cubeide_1.3.0/stm32cubeide/plugins/com.st.stm32cube.ide.mcu.externaltools.gnu-tools-for-stm32.9-2020-q2-update.win32_1.5.0.202011040924/tools/bin/../lib/gcc/arm-none-eabi/9.3.1/thumb/v6-m/nofp/crtbegin.o
 *(.bss*)
 *(COMMON)
 COMMON         0x0000000020000050       0x18 Core/Src/GUI_Paint.o
                0x0000000020000050                Paint
 COMMON         0x0000000020000068      0xbcc Core/Src/main.o
                0x0000000020000068                BlackImage
                0x0000000020000bb0                huart2
 COMMON         0x0000000020000c34        0x4 Drivers/STM32L0xx_HAL_Driver/Src/stm32l0xx_hal.o
                0x0000000020000c34                uwTick
                0x0000000020000c38                . = ALIGN (0x4)
                0x0000000020000c38                _ebss = .
                0x0000000020000c38                __bss_end__ = _ebss

._user_heap_stack
                0x0000000020000c38      0x600 load address 0x00000000080087e8
                0x0000000020000c38                . = ALIGN (0x8)
                [!provide]                        PROVIDE (end = .)
                0x0000000020000c38                PROVIDE (_end = .)
                0x0000000020000e38                . = (. + _Min_Heap_Size)
 *fill*         0x0000000020000c38      0x200 
                0x0000000020001238                . = (. + _Min_Stack_Size)
 *fill*         0x0000000020000e38      0x400 
                0x0000000020001238                . = ALIGN (0x8)

/DISCARD/
 libc.a(*)
 libm.a(*)
 libgcc.a(*)

.ARM.attributes
                0x0000000000000000       0x28
 *(.ARM.attributes)
 .ARM.attributes
                0x0000000000000000       0x1e c:/st/stm32cubeide_1.3.0/stm32cubeide/plugins/com.st.stm32cube.ide.mcu.externaltools.gnu-tools-for-stm32.9-2020-q2-update.win32_1.5.0.202011040924/tools/bin/../lib/gcc/arm-none-eabi/9.3.1/thumb/v6-m/nofp/crti.o
 .ARM.attributes
                0x000000000000001e       0x2c c:/st/stm32cubeide_1.3.0/stm32cubeide/plugins/com.st.stm32cube.ide.mcu.externaltools.gnu-tools-for-stm32.9-2020-q2-update.win32_1.5.0.202011040924/tools/bin/../lib/gcc/arm-none-eabi/9.3.1/thumb/v6-m/nofp/crtbegin.o
 .ARM.attributes
                0x000000000000004a       0x2c Core/Src/Display_EPD_W21.o
 .ARM.attributes
                0x0000000000000076       0x2c Core/Src/Display_EPD_W21_spi.o
 .ARM.attributes
                0x00000000000000a2       0x2c Core/Src/GUI_Paint.o
 .ARM.attributes
                0x00000000000000ce       0x32 Core/Src/font12.o
 .ARM.attributes
                0x0000000000000100       0x32 Core/Src/font16.o
 .ARM.attributes
                0x0000000000000132       0x32 Core/Src/font20.o
 .ARM.attributes
                0x0000000000000164       0x32 Core/Src/font24.o
 .ARM.attributes
                0x0000000000000196       0x32 Core/Src/font8.o
 .ARM.attributes
                0x00000000000001c8       0x2c Core/Src/main.o
 .ARM.attributes
                0x00000000000001f4       0x2c Core/Src/stm32l0xx_hal_msp.o
 .ARM.attributes
                0x0000000000000220       0x2c Core/Src/stm32l0xx_it.o
 .ARM.attributes
                0x000000000000024c       0x2c Core/Src/system_stm32l0xx.o
 .ARM.attributes
                0x0000000000000278       0x22 Core/Startup/startup_stm32l010rbtx.o
 .ARM.attributes
                0x000000000000029a       0x2c Drivers/STM32L0xx_HAL_Driver/Src/stm32l0xx_hal.o
 .ARM.attributes
                0x00000000000002c6       0x2c Drivers/STM32L0xx_HAL_Driver/Src/stm32l0xx_hal_cortex.o
 .ARM.attributes
                0x00000000000002f2       0x2c Drivers/STM32L0xx_HAL_Driver/Src/stm32l0xx_hal_gpio.o
 .ARM.attributes
                0x000000000000031e       0x2c Drivers/STM32L0xx_HAL_Driver/Src/stm32l0xx_hal_rcc.o
 .ARM.attributes
                0x000000000000034a       0x2c Drivers/STM32L0xx_HAL_Driver/Src/stm32l0xx_hal_rcc_ex.o
 .ARM.attributes
                0x0000000000000376       0x2c Drivers/STM32L0xx_HAL_Driver/Src/stm32l0xx_hal_uart.o
 .ARM.attributes
                0x00000000000003a2       0x2c c:/st/stm32cubeide_1.3.0/stm32cubeide/plugins/com.st.stm32cube.ide.mcu.externaltools.gnu-tools-for-stm32.9-2020-q2-update.win32_1.5.0.202011040924/tools/bin/../lib/gcc/arm-none-eabi/9.3.1/../../../../arm-none-eabi/lib/thumb/v6-m/nofp\libc_nano.a(lib_a-init.o)
 .ARM.attributes
                0x00000000000003ce       0x2c c:/st/stm32cubeide_1.3.0/stm32cubeide/plugins/com.st.stm32cube.ide.mcu.externaltools.gnu-tools-for-stm32.9-2020-q2-update.win32_1.5.0.202011040924/tools/bin/../lib/gcc/arm-none-eabi/9.3.1/../../../../arm-none-eabi/lib/thumb/v6-m/nofp\libc_nano.a(lib_a-memset.o)
 .ARM.attributes
                0x00000000000003fa       0x1e c:/st/stm32cubeide_1.3.0/stm32cubeide/plugins/com.st.stm32cube.ide.mcu.externaltools.gnu-tools-for-stm32.9-2020-q2-update.win32_1.5.0.202011040924/tools/bin/../lib/gcc/arm-none-eabi/9.3.1/thumb/v6-m/nofp\libgcc.a(_udivsi3.o)
 .ARM.attributes
                0x0000000000000418       0x1e c:/st/stm32cubeide_1.3.0/stm32cubeide/plugins/com.st.stm32cube.ide.mcu.externaltools.gnu-tools-for-stm32.9-2020-q2-update.win32_1.5.0.202011040924/tools/bin/../lib/gcc/arm-none-eabi/9.3.1/thumb/v6-m/nofp\libgcc.a(_divsi3.o)
 .ARM.attributes
                0x0000000000000436       0x1e c:/st/stm32cubeide_1.3.0/stm32cubeide/plugins/com.st.stm32cube.ide.mcu.externaltools.gnu-tools-for-stm32.9-2020-q2-update.win32_1.5.0.202011040924/tools/bin/../lib/gcc/arm-none-eabi/9.3.1/thumb/v6-m/nofp\libgcc.a(_dvmd_tls.o)
 .ARM.attributes
                0x0000000000000454       0x1e c:/st/stm32cubeide_1.3.0/stm32cubeide/plugins/com.st.stm32cube.ide.mcu.externaltools.gnu-tools-for-stm32.9-2020-q2-update.win32_1.5.0.202011040924/tools/bin/../lib/gcc/arm-none-eabi/9.3.1/thumb/v6-m/nofp\libgcc.a(_aeabi_uldivmod.o)
 .ARM.attributes
                0x0000000000000472       0x2c c:/st/stm32cubeide_1.3.0/stm32cubeide/plugins/com.st.stm32cube.ide.mcu.externaltools.gnu-tools-for-stm32.9-2020-q2-update.win32_1.5.0.202011040924/tools/bin/../lib/gcc/arm-none-eabi/9.3.1/thumb/v6-m/nofp\libgcc.a(_muldi3.o)
 .ARM.attributes
                0x000000000000049e       0x2c c:/st/stm32cubeide_1.3.0/stm32cubeide/plugins/com.st.stm32cube.ide.mcu.externaltools.gnu-tools-for-stm32.9-2020-q2-update.win32_1.5.0.202011040924/tools/bin/../lib/gcc/arm-none-eabi/9.3.1/thumb/v6-m/nofp\libgcc.a(_udivmoddi4.o)
 .ARM.attributes
                0x00000000000004ca       0x1e c:/st/stm32cubeide_1.3.0/stm32cubeide/plugins/com.st.stm32cube.ide.mcu.externaltools.gnu-tools-for-stm32.9-2020-q2-update.win32_1.5.0.202011040924/tools/bin/../lib/gcc/arm-none-eabi/9.3.1/thumb/v6-m/nofp\libgcc.a(_clzdi2.o)
 .ARM.attributes
                0x00000000000004e8       0x1e c:/st/stm32cubeide_1.3.0/stm32cubeide/plugins/com.st.stm32cube.ide.mcu.externaltools.gnu-tools-for-stm32.9-2020-q2-update.win32_1.5.0.202011040924/tools/bin/../lib/gcc/arm-none-eabi/9.3.1/thumb/v6-m/nofp\libgcc.a(_clzsi2.o)
 .ARM.attributes
                0x0000000000000506       0x1e c:/st/stm32cubeide_1.3.0/stm32cubeide/plugins/com.st.stm32cube.ide.mcu.externaltools.gnu-tools-for-stm32.9-2020-q2-update.win32_1.5.0.202011040924/tools/bin/../lib/gcc/arm-none-eabi/9.3.1/thumb/v6-m/nofp/crtn.o
OUTPUT(Eink.elf elf32-littlearm)
LOAD linker stubs
LOAD c:/st/stm32cubeide_1.3.0/stm32cubeide/plugins/com.st.stm32cube.ide.mcu.externaltools.gnu-tools-for-stm32.9-2020-q2-update.win32_1.5.0.202011040924/tools/bin/../lib/gcc/arm-none-eabi/9.3.1/../../../../arm-none-eabi/lib/thumb/v6-m/nofp\libc.a
LOAD c:/st/stm32cubeide_1.3.0/stm32cubeide/plugins/com.st.stm32cube.ide.mcu.externaltools.gnu-tools-for-stm32.9-2020-q2-update.win32_1.5.0.202011040924/tools/bin/../lib/gcc/arm-none-eabi/9.3.1/../../../../arm-none-eabi/lib/thumb/v6-m/nofp\libm.a
LOAD c:/st/stm32cubeide_1.3.0/stm32cubeide/plugins/com.st.stm32cube.ide.mcu.externaltools.gnu-tools-for-stm32.9-2020-q2-update.win32_1.5.0.202011040924/tools/bin/../lib/gcc/arm-none-eabi/9.3.1/thumb/v6-m/nofp\libgcc.a

.debug_info     0x0000000000000000     0x86fd
 .debug_info    0x0000000000000000      0x393 Core/Src/Display_EPD_W21.o
 .debug_info    0x0000000000000393      0x2f9 Core/Src/Display_EPD_W21_spi.o
 .debug_info    0x000000000000068c     0x1685 Core/Src/GUI_Paint.o
 .debug_info    0x0000000000001d11      0x24e Core/Src/font12.o
 .debug_info    0x0000000000001f5f      0x24e Core/Src/font16.o
 .debug_info    0x00000000000021ad      0x24e Core/Src/font20.o
 .debug_info    0x00000000000023fb      0x24e Core/Src/font24.o
 .debug_info    0x0000000000002649      0x24e Core/Src/font8.o
 .debug_info    0x0000000000002897     0x101c Core/Src/main.o
 .debug_info    0x00000000000038b3      0x9bb Core/Src/stm32l0xx_hal_msp.o
 .debug_info    0x000000000000426e      0x1d4 Core/Src/stm32l0xx_it.o
 .debug_info    0x0000000000004442      0x363 Core/Src/system_stm32l0xx.o
 .debug_info    0x00000000000047a5       0x22 Core/Startup/startup_stm32l010rbtx.o
 .debug_info    0x00000000000047c7      0x8ab Drivers/STM32L0xx_HAL_Driver/Src/stm32l0xx_hal.o
 .debug_info    0x0000000000005072      0x7b9 Drivers/STM32L0xx_HAL_Driver/Src/stm32l0xx_hal_cortex.o
 .debug_info    0x000000000000582b      0x77c Drivers/STM32L0xx_HAL_Driver/Src/stm32l0xx_hal_gpio.o
 .debug_info    0x0000000000005fa7      0x98e Drivers/STM32L0xx_HAL_Driver/Src/stm32l0xx_hal_rcc.o
 .debug_info    0x0000000000006935      0x567 Drivers/STM32L0xx_HAL_Driver/Src/stm32l0xx_hal_rcc_ex.o
 .debug_info    0x0000000000006e9c     0x1861 Drivers/STM32L0xx_HAL_Driver/Src/stm32l0xx_hal_uart.o

.debug_abbrev   0x0000000000000000     0x1ce9
 .debug_abbrev  0x0000000000000000      0x16c Core/Src/Display_EPD_W21.o
 .debug_abbrev  0x000000000000016c      0x143 Core/Src/Display_EPD_W21_spi.o
 .debug_abbrev  0x00000000000002af      0x2cc Core/Src/GUI_Paint.o
 .debug_abbrev  0x000000000000057b       0xce Core/Src/font12.o
 .debug_abbrev  0x0000000000000649       0xce Core/Src/font16.o
 .debug_abbrev  0x0000000000000717       0xce Core/Src/font20.o
 .debug_abbrev  0x00000000000007e5       0xce Core/Src/font24.o
 .debug_abbrev  0x00000000000008b3       0xce Core/Src/font8.o
 .debug_abbrev  0x0000000000000981      0x23f Core/Src/main.o
 .debug_abbrev  0x0000000000000bc0      0x1a1 Core/Src/stm32l0xx_hal_msp.o
 .debug_abbrev  0x0000000000000d61       0xd2 Core/Src/stm32l0xx_it.o
 .debug_abbrev  0x0000000000000e33      0x145 Core/Src/system_stm32l0xx.o
 .debug_abbrev  0x0000000000000f78       0x12 Core/Startup/startup_stm32l010rbtx.o
 .debug_abbrev  0x0000000000000f8a      0x267 Drivers/STM32L0xx_HAL_Driver/Src/stm32l0xx_hal.o
 .debug_abbrev  0x00000000000011f1      0x28b Drivers/STM32L0xx_HAL_Driver/Src/stm32l0xx_hal_cortex.o
 .debug_abbrev  0x000000000000147c      0x1e8 Drivers/STM32L0xx_HAL_Driver/Src/stm32l0xx_hal_gpio.o
 .debug_abbrev  0x0000000000001664      0x246 Drivers/STM32L0xx_HAL_Driver/Src/stm32l0xx_hal_rcc.o
 .debug_abbrev  0x00000000000018aa      0x1ef Drivers/STM32L0xx_HAL_Driver/Src/stm32l0xx_hal_rcc_ex.o
 .debug_abbrev  0x0000000000001a99      0x250 Drivers/STM32L0xx_HAL_Driver/Src/stm32l0xx_hal_uart.o

.debug_aranges  0x0000000000000000      0x7d8
 .debug_aranges
                0x0000000000000000       0x58 Core/Src/Display_EPD_W21.o
 .debug_aranges
                0x0000000000000058       0x40 Core/Src/Display_EPD_W21_spi.o
 .debug_aranges
                0x0000000000000098       0xa0 Core/Src/GUI_Paint.o
 .debug_aranges
                0x0000000000000138       0x18 Core/Src/font12.o
 .debug_aranges
                0x0000000000000150       0x18 Core/Src/font16.o
 .debug_aranges
                0x0000000000000168       0x18 Core/Src/font20.o
 .debug_aranges
                0x0000000000000180       0x18 Core/Src/font24.o
 .debug_aranges
                0x0000000000000198       0x18 Core/Src/font8.o
 .debug_aranges
                0x00000000000001b0       0x40 Core/Src/main.o
 .debug_aranges
                0x00000000000001f0       0x30 Core/Src/stm32l0xx_hal_msp.o
 .debug_aranges
                0x0000000000000220       0x40 Core/Src/stm32l0xx_it.o
 .debug_aranges
                0x0000000000000260       0x28 Core/Src/system_stm32l0xx.o
 .debug_aranges
                0x0000000000000288       0x28 Core/Startup/startup_stm32l010rbtx.o
 .debug_aranges
                0x00000000000002b0      0x110 Drivers/STM32L0xx_HAL_Driver/Src/stm32l0xx_hal.o
 .debug_aranges
                0x00000000000003c0       0xc0 Drivers/STM32L0xx_HAL_Driver/Src/stm32l0xx_hal_cortex.o
 .debug_aranges
                0x0000000000000480       0x58 Drivers/STM32L0xx_HAL_Driver/Src/stm32l0xx_hal_gpio.o
 .debug_aranges
                0x00000000000004d8       0x80 Drivers/STM32L0xx_HAL_Driver/Src/stm32l0xx_hal_rcc.o
 .debug_aranges
                0x0000000000000558       0x58 Drivers/STM32L0xx_HAL_Driver/Src/stm32l0xx_hal_rcc_ex.o
 .debug_aranges
                0x00000000000005b0      0x228 Drivers/STM32L0xx_HAL_Driver/Src/stm32l0xx_hal_uart.o

.debug_ranges   0x0000000000000000      0x6b8
 .debug_ranges  0x0000000000000000       0x48 Core/Src/Display_EPD_W21.o
 .debug_ranges  0x0000000000000048       0x30 Core/Src/Display_EPD_W21_spi.o
 .debug_ranges  0x0000000000000078       0x90 Core/Src/GUI_Paint.o
 .debug_ranges  0x0000000000000108       0x30 Core/Src/main.o
 .debug_ranges  0x0000000000000138       0x20 Core/Src/stm32l0xx_hal_msp.o
 .debug_ranges  0x0000000000000158       0x30 Core/Src/stm32l0xx_it.o
 .debug_ranges  0x0000000000000188       0x18 Core/Src/system_stm32l0xx.o
 .debug_ranges  0x00000000000001a0       0x20 Core/Startup/startup_stm32l010rbtx.o
 .debug_ranges  0x00000000000001c0      0x100 Drivers/STM32L0xx_HAL_Driver/Src/stm32l0xx_hal.o
 .debug_ranges  0x00000000000002c0       0xb0 Drivers/STM32L0xx_HAL_Driver/Src/stm32l0xx_hal_cortex.o
 .debug_ranges  0x0000000000000370       0x48 Drivers/STM32L0xx_HAL_Driver/Src/stm32l0xx_hal_gpio.o
 .debug_ranges  0x00000000000003b8       0x70 Drivers/STM32L0xx_HAL_Driver/Src/stm32l0xx_hal_rcc.o
 .debug_ranges  0x0000000000000428       0x48 Drivers/STM32L0xx_HAL_Driver/Src/stm32l0xx_hal_rcc_ex.o
 .debug_ranges  0x0000000000000470      0x248 Drivers/STM32L0xx_HAL_Driver/Src/stm32l0xx_hal_uart.o

.debug_macro    0x0000000000000000    0x10ef3
 .debug_macro   0x0000000000000000      0x1c2 Core/Src/Display_EPD_W21.o
 .debug_macro   0x00000000000001c2      0xa7e Core/Src/Display_EPD_W21.o
 .debug_macro   0x0000000000000c40       0x2e Core/Src/Display_EPD_W21.o
 .debug_macro   0x0000000000000c6e       0x28 Core/Src/Display_EPD_W21.o
 .debug_macro   0x0000000000000c96       0x22 Core/Src/Display_EPD_W21.o
 .debug_macro   0x0000000000000cb8       0x8e Core/Src/Display_EPD_W21.o
 .debug_macro   0x0000000000000d46       0x51 Core/Src/Display_EPD_W21.o
 .debug_macro   0x0000000000000d97      0x103 Core/Src/Display_EPD_W21.o
 .debug_macro   0x0000000000000e9a       0x6a Core/Src/Display_EPD_W21.o
 .debug_macro   0x0000000000000f04      0x1df Core/Src/Display_EPD_W21.o
 .debug_macro   0x00000000000010e3       0x1c Core/Src/Display_EPD_W21.o
 .debug_macro   0x00000000000010ff       0x22 Core/Src/Display_EPD_W21.o
 .debug_macro   0x0000000000001121       0xb5 Core/Src/Display_EPD_W21.o
 .debug_macro   0x00000000000011d6      0x3ad Core/Src/Display_EPD_W21.o
 .debug_macro   0x0000000000001583     0x7b80 Core/Src/Display_EPD_W21.o
 .debug_macro   0x0000000000009103       0x3c Core/Src/Display_EPD_W21.o
 .debug_macro   0x000000000000913f      0x11f Core/Src/Display_EPD_W21.o
 .debug_macro   0x000000000000925e     0x3524 Core/Src/Display_EPD_W21.o
 .debug_macro   0x000000000000c782      0x174 Core/Src/Display_EPD_W21.o
 .debug_macro   0x000000000000c8f6       0x5b Core/Src/Display_EPD_W21.o
 .debug_macro   0x000000000000c951      0x8a0 Core/Src/Display_EPD_W21.o
 .debug_macro   0x000000000000d1f1      0x500 Core/Src/Display_EPD_W21.o
 .debug_macro   0x000000000000d6f1      0x198 Core/Src/Display_EPD_W21.o
 .debug_macro   0x000000000000d889      0x13f Core/Src/Display_EPD_W21.o
 .debug_macro   0x000000000000d9c8      0x122 Core/Src/Display_EPD_W21.o
 .debug_macro   0x000000000000daea      0x28e Core/Src/Display_EPD_W21.o
 .debug_macro   0x000000000000dd78       0x28 Core/Src/Display_EPD_W21.o
 .debug_macro   0x000000000000dda0      0x129 Core/Src/Display_EPD_W21.o
 .debug_macro   0x000000000000dec9      0x1c6 Core/Src/Display_EPD_W21.o
 .debug_macro   0x000000000000e08f      0x22c Core/Src/Display_EPD_W21.o
 .debug_macro   0x000000000000e2bb       0x5b Core/Src/Display_EPD_W21.o
 .debug_macro   0x000000000000e316       0xa5 Core/Src/Display_EPD_W21.o
 .debug_macro   0x000000000000e3bb       0xb0 Core/Src/Display_EPD_W21.o
 .debug_macro   0x000000000000e46b       0x16 Core/Src/Display_EPD_W21.o
 .debug_macro   0x000000000000e481      0x5ba Core/Src/Display_EPD_W21.o
 .debug_macro   0x000000000000ea3b       0x44 Core/Src/Display_EPD_W21.o
 .debug_macro   0x000000000000ea7f      0x10e Core/Src/Display_EPD_W21.o
 .debug_macro   0x000000000000eb8d       0x46 Core/Src/Display_EPD_W21.o
 .debug_macro   0x000000000000ebd3       0x16 Core/Src/Display_EPD_W21.o
 .debug_macro   0x000000000000ebe9      0x1b9 Core/Src/Display_EPD_W21_spi.o
 .debug_macro   0x000000000000eda2      0x196 Core/Src/GUI_Paint.o
 .debug_macro   0x000000000000ef38       0x1c Core/Src/GUI_Paint.o
 .debug_macro   0x000000000000ef54       0x64 Core/Src/GUI_Paint.o
 .debug_macro   0x000000000000efb8       0x18 Core/Src/GUI_Paint.o
 .debug_macro   0x000000000000efd0       0x52 Core/Src/GUI_Paint.o
 .debug_macro   0x000000000000f022       0x3c Core/Src/GUI_Paint.o
 .debug_macro   0x000000000000f05e       0x34 Core/Src/GUI_Paint.o
 .debug_macro   0x000000000000f092       0x16 Core/Src/GUI_Paint.o
 .debug_macro   0x000000000000f0a8      0x10e Core/Src/GUI_Paint.o
 .debug_macro   0x000000000000f1b6       0x8d Core/Src/GUI_Paint.o
 .debug_macro   0x000000000000f243       0x16 Core/Src/GUI_Paint.o
 .debug_macro   0x000000000000f259       0x43 Core/Src/GUI_Paint.o
 .debug_macro   0x000000000000f29c       0x34 Core/Src/GUI_Paint.o
 .debug_macro   0x000000000000f2d0       0x10 Core/Src/GUI_Paint.o
 .debug_macro   0x000000000000f2e0       0x58 Core/Src/GUI_Paint.o
 .debug_macro   0x000000000000f338       0x71 Core/Src/GUI_Paint.o
 .debug_macro   0x000000000000f3a9       0x1c Core/Src/GUI_Paint.o
 .debug_macro   0x000000000000f3c5      0x12a Core/Src/GUI_Paint.o
 .debug_macro   0x000000000000f4ef      0x339 Core/Src/GUI_Paint.o
 .debug_macro   0x000000000000f828       0x16 Core/Src/GUI_Paint.o
 .debug_macro   0x000000000000f83e       0x29 Core/Src/GUI_Paint.o
 .debug_macro   0x000000000000f867       0x16 Core/Src/GUI_Paint.o
 .debug_macro   0x000000000000f87d       0x35 Core/Src/GUI_Paint.o
 .debug_macro   0x000000000000f8b2       0x20 Core/Src/GUI_Paint.o
 .debug_macro   0x000000000000f8d2      0x1a9 Core/Src/GUI_Paint.o
 .debug_macro   0x000000000000fa7b       0x6c Core/Src/font12.o
 .debug_macro   0x000000000000fae7       0x6c Core/Src/font16.o
 .debug_macro   0x000000000000fb53       0x6c Core/Src/font20.o
 .debug_macro   0x000000000000fbbf       0x6c Core/Src/font24.o
 .debug_macro   0x000000000000fc2b       0x6c Core/Src/font8.o
 .debug_macro   0x000000000000fc97      0x1eb Core/Src/main.o
 .debug_macro   0x000000000000fe82       0x58 Core/Src/main.o
 .debug_macro   0x000000000000feda       0x4c Core/Src/main.o
 .debug_macro   0x000000000000ff26      0x1b9 Core/Src/stm32l0xx_hal_msp.o
 .debug_macro   0x00000000000100df      0x1c3 Core/Src/stm32l0xx_it.o
 .debug_macro   0x00000000000102a2      0x1aa Core/Src/system_stm32l0xx.o
 .debug_macro   0x000000000001044c      0x1ce Drivers/STM32L0xx_HAL_Driver/Src/stm32l0xx_hal.o
 .debug_macro   0x000000000001061a      0x1aa Drivers/STM32L0xx_HAL_Driver/Src/stm32l0xx_hal_cortex.o
 .debug_macro   0x00000000000107c4      0x1e2 Drivers/STM32L0xx_HAL_Driver/Src/stm32l0xx_hal_gpio.o
 .debug_macro   0x00000000000109a6      0x1ce Drivers/STM32L0xx_HAL_Driver/Src/stm32l0xx_hal_rcc.o
 .debug_macro   0x0000000000010b74      0x1aa Drivers/STM32L0xx_HAL_Driver/Src/stm32l0xx_hal_rcc_ex.o
 .debug_macro   0x0000000000010d1e      0x1d5 Drivers/STM32L0xx_HAL_Driver/Src/stm32l0xx_hal_uart.o

.debug_line     0x0000000000000000     0xa520
 .debug_line    0x0000000000000000      0x8d6 Core/Src/Display_EPD_W21.o
 .debug_line    0x00000000000008d6      0x780 Core/Src/Display_EPD_W21_spi.o
 .debug_line    0x0000000000001056      0xfe0 Core/Src/GUI_Paint.o
 .debug_line    0x0000000000002036      0x38b Core/Src/font12.o
 .debug_line    0x00000000000023c1      0x38b Core/Src/font16.o
 .debug_line    0x000000000000274c      0x38b Core/Src/font20.o
 .debug_line    0x0000000000002ad7      0x38b Core/Src/font24.o
 .debug_line    0x0000000000002e62      0x38a Core/Src/font8.o
 .debug_line    0x00000000000031ec      0x860 Core/Src/main.o
 .debug_line    0x0000000000003a4c      0x70a Core/Src/stm32l0xx_hal_msp.o
 .debug_line    0x0000000000004156      0x721 Core/Src/stm32l0xx_it.o
 .debug_line    0x0000000000004877      0x76d Core/Src/system_stm32l0xx.o
 .debug_line    0x0000000000004fe4       0x9b Core/Startup/startup_stm32l010rbtx.o
 .debug_line    0x000000000000507f      0xa10 Drivers/STM32L0xx_HAL_Driver/Src/stm32l0xx_hal.o
 .debug_line    0x0000000000005a8f      0x9e7 Drivers/STM32L0xx_HAL_Driver/Src/stm32l0xx_hal_cortex.o
 .debug_line    0x0000000000006476      0xac1 Drivers/STM32L0xx_HAL_Driver/Src/stm32l0xx_hal_gpio.o
 .debug_line    0x0000000000006f37      0xe47 Drivers/STM32L0xx_HAL_Driver/Src/stm32l0xx_hal_rcc.o
 .debug_line    0x0000000000007d7e      0xa30 Drivers/STM32L0xx_HAL_Driver/Src/stm32l0xx_hal_rcc_ex.o
 .debug_line    0x00000000000087ae     0x1d72 Drivers/STM32L0xx_HAL_Driver/Src/stm32l0xx_hal_uart.o

.debug_str      0x0000000000000000    0x64e1a
 .debug_str     0x0000000000000000    0x5ed46 Core/Src/Display_EPD_W21.o
                                      0x5f03d (size before relaxing)
 .debug_str     0x000000000005ed46       0x75 Core/Src/Display_EPD_W21_spi.o
                                      0x5efeb (size before relaxing)
 .debug_str     0x000000000005edbb     0x40af Core/Src/GUI_Paint.o
                                       0x8113 (size before relaxing)
 .debug_str     0x0000000000062e6a       0x22 Core/Src/font12.o
                                       0x3cdc (size before relaxing)
 .debug_str     0x0000000000062e8c       0x22 Core/Src/font16.o
                                       0x3cdc (size before relaxing)
 .debug_str     0x0000000000062eae       0x22 Core/Src/font20.o
                                       0x3cdc (size before relaxing)
 .debug_str     0x0000000000062ed0       0x22 Core/Src/font24.o
                                       0x3cdc (size before relaxing)
 .debug_str     0x0000000000062ef2       0x20 Core/Src/font8.o
                                       0x3cda (size before relaxing)
 .debug_str     0x0000000000062f12      0x82e Core/Src/main.o
                                      0x5fb6e (size before relaxing)
 .debug_str     0x0000000000063740       0x56 Core/Src/stm32l0xx_hal_msp.o
                                      0x5f2bd (size before relaxing)
 .debug_str     0x0000000000063796       0x76 Core/Src/stm32l0xx_it.o
                                      0x5ede2 (size before relaxing)
 .debug_str     0x000000000006380c       0x61 Core/Src/system_stm32l0xx.o
                                      0x5ed35 (size before relaxing)
 .debug_str     0x000000000006386d       0x36 Core/Startup/startup_stm32l010rbtx.o
                                         0x6d (size before relaxing)
 .debug_str     0x00000000000638a3      0x51a Drivers/STM32L0xx_HAL_Driver/Src/stm32l0xx_hal.o
                                      0x5f352 (size before relaxing)
 .debug_str     0x0000000000063dbd      0x1ff Drivers/STM32L0xx_HAL_Driver/Src/stm32l0xx_hal_cortex.o
                                      0x5f06a (size before relaxing)
 .debug_str     0x0000000000063fbc      0x1f2 Drivers/STM32L0xx_HAL_Driver/Src/stm32l0xx_hal_gpio.o
                                      0x5efda (size before relaxing)
 .debug_str     0x00000000000641ae      0x284 Drivers/STM32L0xx_HAL_Driver/Src/stm32l0xx_hal_rcc.o
                                      0x5f1ab (size before relaxing)
 .debug_str     0x0000000000064432      0x13a Drivers/STM32L0xx_HAL_Driver/Src/stm32l0xx_hal_rcc_ex.o
                                      0x5ef38 (size before relaxing)
 .debug_str     0x000000000006456c      0x8ae Drivers/STM32L0xx_HAL_Driver/Src/stm32l0xx_hal_uart.o
                                      0x5fa2a (size before relaxing)

.comment        0x0000000000000000       0x53
 .comment       0x0000000000000000       0x53 Core/Src/Display_EPD_W21.o
                                         0x54 (size before relaxing)
 .comment       0x0000000000000053       0x54 Core/Src/Display_EPD_W21_spi.o
 .comment       0x0000000000000053       0x54 Core/Src/GUI_Paint.o
 .comment       0x0000000000000053       0x54 Core/Src/font12.o
 .comment       0x0000000000000053       0x54 Core/Src/font16.o
 .comment       0x0000000000000053       0x54 Core/Src/font20.o
 .comment       0x0000000000000053       0x54 Core/Src/font24.o
 .comment       0x0000000000000053       0x54 Core/Src/font8.o
 .comment       0x0000000000000053       0x54 Core/Src/main.o
 .comment       0x0000000000000053       0x54 Core/Src/stm32l0xx_hal_msp.o
 .comment       0x0000000000000053       0x54 Core/Src/stm32l0xx_it.o
 .comment       0x0000000000000053       0x54 Core/Src/system_stm32l0xx.o
 .comment       0x0000000000000053       0x54 Drivers/STM32L0xx_HAL_Driver/Src/stm32l0xx_hal.o
 .comment       0x0000000000000053       0x54 Drivers/STM32L0xx_HAL_Driver/Src/stm32l0xx_hal_cortex.o
 .comment       0x0000000000000053       0x54 Drivers/STM32L0xx_HAL_Driver/Src/stm32l0xx_hal_gpio.o
 .comment       0x0000000000000053       0x54 Drivers/STM32L0xx_HAL_Driver/Src/stm32l0xx_hal_rcc.o
 .comment       0x0000000000000053       0x54 Drivers/STM32L0xx_HAL_Driver/Src/stm32l0xx_hal_rcc_ex.o
 .comment       0x0000000000000053       0x54 Drivers/STM32L0xx_HAL_Driver/Src/stm32l0xx_hal_uart.o

.debug_frame    0x0000000000000000     0x1944
 .debug_frame   0x0000000000000000      0x104 Core/Src/Display_EPD_W21.o
 .debug_frame   0x0000000000000104       0xac Core/Src/Display_EPD_W21_spi.o
 .debug_frame   0x00000000000001b0      0x260 Core/Src/GUI_Paint.o
 .debug_frame   0x0000000000000410       0xa8 Core/Src/main.o
 .debug_frame   0x00000000000004b8       0x6c Core/Src/stm32l0xx_hal_msp.o
 .debug_frame   0x0000000000000524       0x9c Core/Src/stm32l0xx_it.o
 .debug_frame   0x00000000000005c0       0x4c Core/Src/system_stm32l0xx.o
 .debug_frame   0x000000000000060c      0x394 Drivers/STM32L0xx_HAL_Driver/Src/stm32l0xx_hal.o
 .debug_frame   0x00000000000009a0      0x2a0 Drivers/STM32L0xx_HAL_Driver/Src/stm32l0xx_hal_cortex.o
 .debug_frame   0x0000000000000c40      0x110 Drivers/STM32L0xx_HAL_Driver/Src/stm32l0xx_hal_gpio.o
 .debug_frame   0x0000000000000d50      0x1a8 Drivers/STM32L0xx_HAL_Driver/Src/stm32l0xx_hal_rcc.o
 .debug_frame   0x0000000000000ef8       0xfc Drivers/STM32L0xx_HAL_Driver/Src/stm32l0xx_hal_rcc_ex.o
 .debug_frame   0x0000000000000ff4      0x854 Drivers/STM32L0xx_HAL_Driver/Src/stm32l0xx_hal_uart.o
 .debug_frame   0x0000000000001848       0x2c c:/st/stm32cubeide_1.3.0/stm32cubeide/plugins/com.st.stm32cube.ide.mcu.externaltools.gnu-tools-for-stm32.9-2020-q2-update.win32_1.5.0.202011040924/tools/bin/../lib/gcc/arm-none-eabi/9.3.1/../../../../arm-none-eabi/lib/thumb/v6-m/nofp\libc_nano.a(lib_a-init.o)
 .debug_frame   0x0000000000001874       0x20 c:/st/stm32cubeide_1.3.0/stm32cubeide/plugins/com.st.stm32cube.ide.mcu.externaltools.gnu-tools-for-stm32.9-2020-q2-update.win32_1.5.0.202011040924/tools/bin/../lib/gcc/arm-none-eabi/9.3.1/../../../../arm-none-eabi/lib/thumb/v6-m/nofp\libc_nano.a(lib_a-memset.o)
 .debug_frame   0x0000000000001894       0x20 c:/st/stm32cubeide_1.3.0/stm32cubeide/plugins/com.st.stm32cube.ide.mcu.externaltools.gnu-tools-for-stm32.9-2020-q2-update.win32_1.5.0.202011040924/tools/bin/../lib/gcc/arm-none-eabi/9.3.1/thumb/v6-m/nofp\libgcc.a(_udivsi3.o)
 .debug_frame   0x00000000000018b4       0x20 c:/st/stm32cubeide_1.3.0/stm32cubeide/plugins/com.st.stm32cube.ide.mcu.externaltools.gnu-tools-for-stm32.9-2020-q2-update.win32_1.5.0.202011040924/tools/bin/../lib/gcc/arm-none-eabi/9.3.1/thumb/v6-m/nofp\libgcc.a(_divsi3.o)
 .debug_frame   0x00000000000018d4       0x34 c:/st/stm32cubeide_1.3.0/stm32cubeide/plugins/com.st.stm32cube.ide.mcu.externaltools.gnu-tools-for-stm32.9-2020-q2-update.win32_1.5.0.202011040924/tools/bin/../lib/gcc/arm-none-eabi/9.3.1/thumb/v6-m/nofp\libgcc.a(_muldi3.o)
 .debug_frame   0x0000000000001908       0x3c c:/st/stm32cubeide_1.3.0/stm32cubeide/plugins/com.st.stm32cube.ide.mcu.externaltools.gnu-tools-for-stm32.9-2020-q2-update.win32_1.5.0.202011040924/tools/bin/../lib/gcc/arm-none-eabi/9.3.1/thumb/v6-m/nofp\libgcc.a(_udivmoddi4.o)
