Archive member included to satisfy reference by file (symbol)

c:/st/stm32cubeide_1.3.0/stm32cubeide/plugins/com.st.stm32cube.ide.mcu.externaltools.gnu-tools-for-stm32.9-2020-q2-update.win32_1.5.0.202011040924/tools/bin/../lib/gcc/arm-none-eabi/9.3.1/../../../../arm-none-eabi/lib/thumb/v6-m/nofp\libc_nano.a(lib_a-errno.o)
                              Core/Src/syscalls.o (__errno)
c:/st/stm32cubeide_1.3.0/stm32cubeide/plugins/com.st.stm32cube.ide.mcu.externaltools.gnu-tools-for-stm32.9-2020-q2-update.win32_1.5.0.202011040924/tools/bin/../lib/gcc/arm-none-eabi/9.3.1/../../../../arm-none-eabi/lib/thumb/v6-m/nofp\libc_nano.a(lib_a-exit.o)
                              c:/st/stm32cubeide_1.3.0/stm32cubeide/plugins/com.st.stm32cube.ide.mcu.externaltools.gnu-tools-for-stm32.9-2020-q2-update.win32_1.5.0.202011040924/tools/bin/../lib/gcc/arm-none-eabi/9.3.1/../../../../arm-none-eabi/lib/thumb/v6-m/nofp/crt0.o (exit)
c:/st/stm32cubeide_1.3.0/stm32cubeide/plugins/com.st.stm32cube.ide.mcu.externaltools.gnu-tools-for-stm32.9-2020-q2-update.win32_1.5.0.202011040924/tools/bin/../lib/gcc/arm-none-eabi/9.3.1/../../../../arm-none-eabi/lib/thumb/v6-m/nofp\libc_nano.a(lib_a-impure.o)
                              c:/st/stm32cubeide_1.3.0/stm32cubeide/plugins/com.st.stm32cube.ide.mcu.externaltools.gnu-tools-for-stm32.9-2020-q2-update.win32_1.5.0.202011040924/tools/bin/../lib/gcc/arm-none-eabi/9.3.1/../../../../arm-none-eabi/lib/thumb/v6-m/nofp\libc_nano.a(lib_a-exit.o) (_global_impure_ptr)
c:/st/stm32cubeide_1.3.0/stm32cubeide/plugins/com.st.stm32cube.ide.mcu.externaltools.gnu-tools-for-stm32.9-2020-q2-update.win32_1.5.0.202011040924/tools/bin/../lib/gcc/arm-none-eabi/9.3.1/../../../../arm-none-eabi/lib/thumb/v6-m/nofp\libc_nano.a(lib_a-init.o)
                              c:/st/stm32cubeide_1.3.0/stm32cubeide/plugins/com.st.stm32cube.ide.mcu.externaltools.gnu-tools-for-stm32.9-2020-q2-update.win32_1.5.0.202011040924/tools/bin/../lib/gcc/arm-none-eabi/9.3.1/../../../../arm-none-eabi/lib/thumb/v6-m/nofp/crt0.o (__libc_init_array)
c:/st/stm32cubeide_1.3.0/stm32cubeide/plugins/com.st.stm32cube.ide.mcu.externaltools.gnu-tools-for-stm32.9-2020-q2-update.win32_1.5.0.202011040924/tools/bin/../lib/gcc/arm-none-eabi/9.3.1/../../../../arm-none-eabi/lib/thumb/v6-m/nofp\libc_nano.a(lib_a-memset.o)
                              c:/st/stm32cubeide_1.3.0/stm32cubeide/plugins/com.st.stm32cube.ide.mcu.externaltools.gnu-tools-for-stm32.9-2020-q2-update.win32_1.5.0.202011040924/tools/bin/../lib/gcc/arm-none-eabi/9.3.1/../../../../arm-none-eabi/lib/thumb/v6-m/nofp/crt0.o (memset)
c:/st/stm32cubeide_1.3.0/stm32cubeide/plugins/com.st.stm32cube.ide.mcu.externaltools.gnu-tools-for-stm32.9-2020-q2-update.win32_1.5.0.202011040924/tools/bin/../lib/gcc/arm-none-eabi/9.3.1/thumb/v6-m/nofp\libgcc.a(_udivsi3.o)
                              Core/Src/GUI_Paint.o (__aeabi_uidiv)
c:/st/stm32cubeide_1.3.0/stm32cubeide/plugins/com.st.stm32cube.ide.mcu.externaltools.gnu-tools-for-stm32.9-2020-q2-update.win32_1.5.0.202011040924/tools/bin/../lib/gcc/arm-none-eabi/9.3.1/thumb/v6-m/nofp\libgcc.a(_divsi3.o)
                              Core/Src/GUI_Paint.o (__aeabi_idiv)
c:/st/stm32cubeide_1.3.0/stm32cubeide/plugins/com.st.stm32cube.ide.mcu.externaltools.gnu-tools-for-stm32.9-2020-q2-update.win32_1.5.0.202011040924/tools/bin/../lib/gcc/arm-none-eabi/9.3.1/thumb/v6-m/nofp\libgcc.a(_dvmd_tls.o)
                              c:/st/stm32cubeide_1.3.0/stm32cubeide/plugins/com.st.stm32cube.ide.mcu.externaltools.gnu-tools-for-stm32.9-2020-q2-update.win32_1.5.0.202011040924/tools/bin/../lib/gcc/arm-none-eabi/9.3.1/thumb/v6-m/nofp\libgcc.a(_udivsi3.o) (__aeabi_idiv0)
c:/st/stm32cubeide_1.3.0/stm32cubeide/plugins/com.st.stm32cube.ide.mcu.externaltools.gnu-tools-for-stm32.9-2020-q2-update.win32_1.5.0.202011040924/tools/bin/../lib/gcc/arm-none-eabi/9.3.1/thumb/v6-m/nofp\libgcc.a(_aeabi_uldivmod.o)
                              Drivers/STM32L0xx_HAL_Driver/Src/stm32l0xx_hal_rcc.o (__aeabi_uldivmod)
c:/st/stm32cubeide_1.3.0/stm32cubeide/plugins/com.st.stm32cube.ide.mcu.externaltools.gnu-tools-for-stm32.9-2020-q2-update.win32_1.5.0.202011040924/tools/bin/../lib/gcc/arm-none-eabi/9.3.1/thumb/v6-m/nofp\libgcc.a(_muldi3.o)
                              Drivers/STM32L0xx_HAL_Driver/Src/stm32l0xx_hal_rcc.o (__aeabi_lmul)
c:/st/stm32cubeide_1.3.0/stm32cubeide/plugins/com.st.stm32cube.ide.mcu.externaltools.gnu-tools-for-stm32.9-2020-q2-update.win32_1.5.0.202011040924/tools/bin/../lib/gcc/arm-none-eabi/9.3.1/thumb/v6-m/nofp\libgcc.a(_udivmoddi4.o)
                              c:/st/stm32cubeide_1.3.0/stm32cubeide/plugins/com.st.stm32cube.ide.mcu.externaltools.gnu-tools-for-stm32.9-2020-q2-update.win32_1.5.0.202011040924/tools/bin/../lib/gcc/arm-none-eabi/9.3.1/thumb/v6-m/nofp\libgcc.a(_aeabi_uldivmod.o) (__udivmoddi4)
[...]
Memory Configuration

Name             Origin             Length             Attributes
RAM              0x0000000020000000 0x0000000000005000 xrw
FLASH            0x0000000008000000 0x0000000000020000 xr
*default*        0x0000000000000000 0xffffffffffffffff

Linker script and memory map

LOAD c:/st/stm32cubeide_1.3.0/stm32cubeide/plugins/com.st.stm32cube.ide.mcu.externaltools.gnu-tools-for-stm32.9-2020-q2-update.win32_1.5.0.202011040924/tools/bin/../lib/gcc/arm-none-eabi/9.3.1/thumb/v6-m/nofp/crti.o
LOAD c:/st/stm32cubeide_1.3.0/stm32cubeide/plugins/com.st.stm32cube.ide.mcu.externaltools.gnu-tools-for-stm32.9-2020-q2-update.win32_1.5.0.202011040924/tools/bin/../lib/gcc/arm-none-eabi/9.3.1/thumb/v6-m/nofp/crtbegin.o
LOAD c:/st/stm32cubeide_1.3.0/stm32cubeide/plugins/com.st.stm32cube.ide.mcu.externaltools.gnu-tools-for-stm32.9-2020-q2-update.win32_1.5.0.202011040924/tools/bin/../lib/gcc/arm-none-eabi/9.3.1/../../../../arm-none-eabi/lib/thumb/v6-m/nofp/crt0.o
LOAD Core/Src/Display_EPD_W21.o
LOAD Core/Src/Display_EPD_W21_spi.o
LOAD Core/Src/GUI_Paint.o
LOAD Core/Src/font12.o
LOAD Core/Src/font12CN.o
LOAD Core/Src/font16.o
LOAD Core/Src/font20.o
LOAD Core/Src/font24.o
LOAD Core/Src/font24CN.o
LOAD Core/Src/font8.o
LOAD Core/Src/main.o
LOAD Core/Src/stm32l0xx_hal_msp.o
LOAD Core/Src/stm32l0xx_it.o
LOAD Core/Src/syscalls.o
LOAD Core/Src/sysmem.o
LOAD Core/Src/system_stm32l0xx.o
LOAD Core/Startup/startup_stm32l010rbtx.o
LOAD Drivers/STM32L0xx_HAL_Driver/Src/stm32l0xx_hal.o
LOAD Drivers/STM32L0xx_HAL_Driver/Src/stm32l0xx_hal_cortex.o
LOAD Drivers/STM32L0xx_HAL_Driver/Src/stm32l0xx_hal_dma.o
LOAD Drivers/STM32L0xx_HAL_Driver/Src/stm32l0xx_hal_exti.o
LOAD Drivers/STM32L0xx_HAL_Driver/Src/stm32l0xx_hal_flash.o
LOAD Drivers/STM32L0xx_HAL_Driver/Src/stm32l0xx_hal_flash_ex.o
LOAD Drivers/STM32L0xx_HAL_Driver/Src/stm32l0xx_hal_flash_ramfunc.o
LOAD Drivers/STM32L0xx_HAL_Driver/Src/stm32l0xx_hal_gpio.o
LOAD Drivers/STM32L0xx_HAL_Driver/Src/stm32l0xx_hal_i2c.o
LOAD Drivers/STM32L0xx_HAL_Driver/Src/stm32l0xx_hal_i2c_ex.o
LOAD Drivers/STM32L0xx_HAL_Driver/Src/stm32l0xx_hal_pwr.o
LOAD Drivers/STM32L0xx_HAL_Driver/Src/stm32l0xx_hal_pwr_ex.o
LOAD Drivers/STM32L0xx_HAL_Driver/Src/stm32l0xx_hal_rcc.o
LOAD Drivers/STM32L0xx_HAL_Driver/Src/stm32l0xx_hal_rcc_ex.o
LOAD Drivers/STM32L0xx_HAL_Driver/Src/stm32l0xx_hal_spi.o
LOAD Drivers/STM32L0xx_HAL_Driver/Src/stm32l0xx_hal_tim.o
LOAD Drivers/STM32L0xx_HAL_Driver/Src/stm32l0xx_hal_tim_ex.o
LOAD Drivers/STM32L0xx_HAL_Driver/Src/stm32l0xx_hal_uart.o
LOAD Drivers/STM32L0xx_HAL_Driver/Src/stm32l0xx_hal_uart_ex.o
START GROUP
LOAD c:/st/stm32cubeide_1.3.0/stm32cubeide/plugins/com.st.stm32cube.ide.mcu.externaltools.gnu-tools-for-stm32.9-2020-q2-update.win32_1.5.0.202011040924/tools/bin/../lib/gcc/arm-none-eabi/9.3.1/../../../../arm-none-eabi/lib/thumb/v6-m/nofp\libc_nano.a
LOAD c:/st/stm32cubeide_1.3.0/stm32cubeide/plugins/com.st.stm32cube.ide.mcu.externaltools.gnu-tools-for-stm32.9-2020-q2-update.win32_1.5.0.202011040924/tools/bin/../lib/gcc/arm-none-eabi/9.3.1/../../../../arm-none-eabi/lib/thumb/v6-m/nofp\libm.a
END GROUP
START GROUP
LOAD c:/st/stm32cubeide_1.3.0/stm32cubeide/plugins/com.st.stm32cube.ide.mcu.externaltools.gnu-tools-for-stm32.9-2020-q2-update.win32_1.5.0.202011040924/tools/bin/../lib/gcc/arm-none-eabi/9.3.1/thumb/v6-m/nofp\libgcc.a
LOAD c:/st/stm32cubeide_1.3.0/stm32cubeide/plugins/com.st.stm32cube.ide.mcu.externaltools.gnu-tools-for-stm32.9-2020-q2-update.win32_1.5.0.202011040924/tools/bin/../lib/gcc/arm-none-eabi/9.3.1/../../../../arm-none-eabi/lib/thumb/v6-m/nofp\libc_nano.a
END GROUP
START GROUP
LOAD c:/st/stm32cubeide_1.3.0/stm32cubeide/plugins/com.st.stm32cube.ide.mcu.externaltools.gnu-tools-for-stm32.9-2020-q2-update.win32_1.5.0.202011040924/tools/bin/../lib/gcc/arm-none-eabi/9.3.1/thumb/v6-m/nofp\libgcc.a
LOAD c:/st/stm32cubeide_1.3.0/stm32cubeide/plugins/com.st.stm32cube.ide.mcu.externaltools.gnu-tools-for-stm32.9-2020-q2-update.win32_1.5.0.202011040924/tools/bin/../lib/gcc/arm-none-eabi/9.3.1/../../../../arm-none-eabi/lib/thumb/v6-m/nofp\libc_nano.a
LOAD c:/st/stm32cubeide_1.3.0/stm32cubeide/plugins/com.st.stm32cube.ide.mcu.externaltools.gnu-tools-for-stm32.9-2020-q2-update.win32_1.5.0.202011040924/tools/bin/../lib/gcc/arm-none-eabi/9.3.1/../../../../arm-none-eabi/lib/thumb/v6-m/nofp\libnosys.a
END GROUP
START GROUP
LOAD c:/st/stm32cubeide_1.3.0/stm32cubeide/plugins/com.st.stm32cube.ide.mcu.externaltools.gnu-tools-for-stm32.9-2020-q2-update.win32_1.5.0.202011040924/tools/bin/../lib/gcc/arm-none-eabi/9.3.1/thumb/v6-m/nofp\libgcc.a
LOAD c:/st/stm32cubeide_1.3.0/stm32cubeide/plugins/com.st.stm32cube.ide.mcu.externaltools.gnu-tools-for-stm32.9-2020-q2-update.win32_1.5.0.202011040924/tools/bin/../lib/gcc/arm-none-eabi/9.3.1/../../../../arm-none-eabi/lib/thumb/v6-m/nofp\libc_nano.a
LOAD c:/st/stm32cubeide_1.3.0/stm32cubeide/plugins/com.st.stm32cube.ide.mcu.externaltools.gnu-tools-for-stm32.9-2020-q2-update.win32_1.5.0.202011040924/tools/bin/../lib/gcc/arm-none-eabi/9.3.1/../../../../arm-none-eabi/lib/thumb/v6-m/nofp\libnosys.a
END GROUP
LOAD c:/st/stm32cubeide_1.3.0/stm32cubeide/plugins/com.st.stm32cube.ide.mcu.externaltools.gnu-tools-for-stm32.9-2020-q2-update.win32_1.5.0.202011040924/tools/bin/../lib/gcc/arm-none-eabi/9.3.1/thumb/v6-m/nofp/crtend.o
LOAD c:/st/stm32cubeide_1.3.0/stm32cubeide/plugins/com.st.stm32cube.ide.mcu.externaltools.gnu-tools-for-stm32.9-2020-q2-update.win32_1.5.0.202011040924/tools/bin/../lib/gcc/arm-none-eabi/9.3.1/thumb/v6-m/nofp/crtn.o
                0x0000000020005000                _estack = (ORIGIN (RAM) + LENGTH (RAM))
                0x0000000000000200                _Min_Heap_Size = 0x200
                0x0000000000000400                _Min_Stack_Size = 0x400

.isr_vector     0x0000000008000000       0xc0
                0x0000000008000000                . = ALIGN (0x4)
 *(.isr_vector)
 .isr_vector    0x0000000008000000       0xc0 Core/Startup/startup_stm32l010rbtx.o
                0x0000000008000000                g_pfnVectors
                0x00000000080000c0                . = ALIGN (0x4)

.text           0x00000000080000c0     0x4100
                0x00000000080000c0                . = ALIGN (0x4)
 *(.text)
 .text          0x00000000080000c0       0x48 c:/st/stm32cubeide_1.3.0/stm32cubeide/plugins/com.st.stm32cube.ide.mcu.externaltools.gnu-tools-for-stm32.9-2020-q2-update.win32_1.5.0.202011040924/tools/bin/../lib/gcc/arm-none-eabi/9.3.1/thumb/v6-m/nofp/crtbegin.o
 .text          0x0000000008000108      0x114 c:/st/stm32cubeide_1.3.0/stm32cubeide/plugins/com.st.stm32cube.ide.mcu.externaltools.gnu-tools-for-stm32.9-2020-q2-update.win32_1.5.0.202011040924/tools/bin/../lib/gcc/arm-none-eabi/9.3.1/thumb/v6-m/nofp\libgcc.a(_udivsi3.o)
                0x0000000008000108                __aeabi_uidiv
                0x0000000008000108                __udivsi3
                0x0000000008000214                __aeabi_uidivmod
 .text          0x000000000800021c      0x1d4 c:/st/stm32cubeide_1.3.0/stm32cubeide/plugins/com.st.stm32cube.ide.mcu.externaltools.gnu-tools-for-stm32.9-2020-q2-update.win32_1.5.0.202011040924/tools/bin/../lib/gcc/arm-none-eabi/9.3.1/thumb/v6-m/nofp\libgcc.a(_divsi3.o)
                0x000000000800021c                __divsi3
                0x000000000800021c                __aeabi_idiv
                0x00000000080003e8                __aeabi_idivmod
 .text          0x00000000080003f0        0x4 c:/st/stm32cubeide_1.3.0/stm32cubeide/plugins/com.st.stm32cube.ide.mcu.externaltools.gnu-tools-for-stm32.9-2020-q2-update.win32_1.5.0.202011040924/tools/bin/../lib/gcc/arm-none-eabi/9.3.1/thumb/v6-m/nofp\libgcc.a(_dvmd_tls.o)
                0x00000000080003f0                __aeabi_idiv0
                0x00000000080003f0                __aeabi_ldiv0
 .text          0x00000000080003f4       0x40 c:/st/stm32cubeide_1.3.0/stm32cubeide/plugins/com.st.stm32cube.ide.mcu.externaltools.gnu-tools-for-stm32.9-2020-q2-update.win32_1.5.0.202011040924/tools/bin/../lib/gcc/arm-none-eabi/9.3.1/thumb/v6-m/nofp\libgcc.a(_aeabi_uldivmod.o)
                0x00000000080003f4                __aeabi_uldivmod
 .text          0x0000000008000434       0x50 c:/st/stm32cubeide_1.3.0/stm32cubeide/plugins/com.st.stm32cube.ide.mcu.externaltools.gnu-tools-for-stm32.9-2020-q2-update.win32_1.5.0.202011040924/tools/bin/../lib/gcc/arm-none-eabi/9.3.1/thumb/v6-m/nofp\libgcc.a(_muldi3.o)
                0x0000000008000434                __muldi3
                0x0000000008000434                __aeabi_lmul
 .text          0x0000000008000484      0x198 c:/st/stm32cubeide_1.3.0/stm32cubeide/plugins/com.st.stm32cube.ide.mcu.externaltools.gnu-tools-for-stm32.9-2020-q2-update.win32_1.5.0.202011040924/tools/bin/../lib/gcc/arm-none-eabi/9.3.1/thumb/v6-m/nofp\libgcc.a(_udivmoddi4.o)
                0x0000000008000484                __udivmoddi4
 .text          0x000000000800061c       0x18 c:/st/stm32cubeide_1.3.0/stm32cubeide/plugins/com.st.stm32cube.ide.mcu.externaltools.gnu-tools-for-stm32.9-2020-q2-update.win32_1.5.0.202011040924/tools/bin/../lib/gcc/arm-none-eabi/9.3.1/thumb/v6-m/nofp\libgcc.a(_clzdi2.o)
                0x000000000800061c                __clzdi2
 .text          0x0000000008000634       0x3c c:/st/stm32cubeide_1.3.0/stm32cubeide/plugins/com.st.stm32cube.ide.mcu.externaltools.gnu-tools-for-stm32.9-2020-q2-update.win32_1.5.0.202011040924/tools/bin/../lib/gcc/arm-none-eabi/9.3.1/thumb/v6-m/nofp\libgcc.a(_clzsi2.o)
                0x0000000008000634                __clzsi2
 *(.text*)
 .text.delay_xms
                0x0000000008000670       0x34 Core/Src/Display_EPD_W21.o
                0x0000000008000670                delay_xms
 .text.EPD_W21_Init
                0x00000000080006a4       0x88 Core/Src/Display_EPD_W21.o
                0x00000000080006a4                EPD_W21_Init
 .text.EPD_Display
                0x000000000800072c       0xa0 Core/Src/Display_EPD_W21.o
                0x000000000800072c                EPD_Display
 .text.EPD_init
                0x00000000080007cc       0x30 Core/Src/Display_EPD_W21.o
                0x00000000080007cc                EPD_init
 .text.EPD_sleep
                0x00000000080007fc       0x2c Core/Src/Display_EPD_W21.o
                0x00000000080007fc                EPD_sleep
 .text.PIC_display
                0x0000000008000828       0x70 Core/Src/Display_EPD_W21.o
                0x0000000008000828                PIC_display
 .text.PIC_display_Clear
                0x0000000008000898       0x64 Core/Src/Display_EPD_W21.o
                0x0000000008000898                PIC_display_Clear
 .text.lcd_chkstatus
                0x00000000080008fc       0x4c Core/Src/Display_EPD_W21.o
                0x00000000080008fc                lcd_chkstatus
 .text.EPD_GPIO_Init
                0x0000000008000948        0xa Core/Src/Display_EPD_W21_spi.o
                0x0000000008000948                EPD_GPIO_Init
 .text.SPI_Delay
                0x0000000008000952       0x26 Core/Src/Display_EPD_W21_spi.o
                0x0000000008000952                SPI_Delay
 .text.SPI_Write
                0x0000000008000978       0x9c Core/Src/Display_EPD_W21_spi.o
                0x0000000008000978                SPI_Write
 .text.EPD_W21_WriteCMD
                0x0000000008000a14       0x54 Core/Src/Display_EPD_W21_spi.o
                0x0000000008000a14                EPD_W21_WriteCMD
 .text.EPD_W21_WriteDATA
                0x0000000008000a68       0x54 Core/Src/Display_EPD_W21_spi.o
                0x0000000008000a68                EPD_W21_WriteDATA
 .text.Paint_NewImage
                0x0000000008000abc       0xd4 Core/Src/GUI_Paint.o
                0x0000000008000abc                Paint_NewImage
 .text.Paint_SelectImage
                0x0000000008000b90       0x1c Core/Src/GUI_Paint.o
                0x0000000008000b90                Paint_SelectImage
 .text.Paint_SetPixel
                0x0000000008000bac      0x214 Core/Src/GUI_Paint.o
                0x0000000008000bac                Paint_SetPixel
 .text.Paint_Clear
                0x0000000008000dc0       0x88 Core/Src/GUI_Paint.o
                0x0000000008000dc0                Paint_Clear
 .text.Paint_DrawPoint
                0x0000000008000e48      0x1a4 Core/Src/GUI_Paint.o
                0x0000000008000e48                Paint_DrawPoint
 .text.Paint_DrawLine
                0x0000000008000fec      0x1b8 Core/Src/GUI_Paint.o
                0x0000000008000fec                Paint_DrawLine
 .text.Paint_DrawRectangle
                0x00000000080011a4      0x198 Core/Src/GUI_Paint.o
                0x00000000080011a4                Paint_DrawRectangle
 .text.Paint_DrawCircle
                0x000000000800133c      0x49c Core/Src/GUI_Paint.o
                0x000000000800133c                Paint_DrawCircle
 .text.Paint_DrawChar
                0x00000000080017d8      0x1c0 Core/Src/GUI_Paint.o
                0x00000000080017d8                Paint_DrawChar
 .text.Paint_DrawString_EN
                0x0000000008001998       0xf4 Core/Src/GUI_Paint.o
                0x0000000008001998                Paint_DrawString_EN
 .text.Paint_DrawNum
                0x0000000008001a8c      0x1cc Core/Src/GUI_Paint.o
                0x0000000008001a8c                Paint_DrawNum
 .text.main     0x0000000008001c58      0x2d0 Core/Src/main.o
                0x0000000008001c58                main
 .text.SystemClock_Config
                0x0000000008001f28       0xd8 Core/Src/main.o
                0x0000000008001f28                SystemClock_Config
 .text.MX_SPI1_Init
                0x0000000008002000       0x70 Core/Src/main.o
 .text.MX_USART2_UART_Init
                0x0000000008002070       0x60 Core/Src/main.o
 .text.MX_GPIO_Init
                0x00000000080020d0      0x13c Core/Src/main.o
 .text.Error_Handler
                0x000000000800220c        0xa Core/Src/main.o
                0x000000000800220c                Error_Handler
 *fill*         0x0000000008002216        0x2 
 .text.HAL_MspInit
                0x0000000008002218       0x28 Core/Src/stm32l0xx_hal_msp.o
                0x0000000008002218                HAL_MspInit
 .text.HAL_SPI_MspInit
                0x0000000008002240       0xcc Core/Src/stm32l0xx_hal_msp.o
                0x0000000008002240                HAL_SPI_MspInit
 .text.HAL_UART_MspInit
                0x000000000800230c       0x88 Core/Src/stm32l0xx_hal_msp.o
                0x000000000800230c                HAL_UART_MspInit
 .text.NMI_Handler
                0x0000000008002394        0x6 Core/Src/stm32l0xx_it.o
                0x0000000008002394                NMI_Handler
 .text.HardFault_Handler
                0x000000000800239a        0x6 Core/Src/stm32l0xx_it.o
                0x000000000800239a                HardFault_Handler
 .text.SVC_Handler
                0x00000000080023a0        0xa Core/Src/stm32l0xx_it.o
                0x00000000080023a0                SVC_Handler
 .text.PendSV_Handler
                0x00000000080023aa        0xa Core/Src/stm32l0xx_it.o
                0x00000000080023aa                PendSV_Handler
 .text.SysTick_Handler
                0x00000000080023b4        0xe Core/Src/stm32l0xx_it.o
                0x00000000080023b4                SysTick_Handler
 .text.SystemInit
                0x00000000080023c2        0xa Core/Src/system_stm32l0xx.o
                0x00000000080023c2                SystemInit
 .text.Reset_Handler
                0x00000000080023cc       0x80 Core/Startup/startup_stm32l010rbtx.o
                0x00000000080023cc                Reset_Handler
 .text.Default_Handler
                0x000000000800244c        0x2 Core/Startup/startup_stm32l010rbtx.o
                0x000000000800244c                I2C1_IRQHandler
                0x000000000800244c                SPI1_IRQHandler
                0x000000000800244c                EXTI2_3_IRQHandler
                0x000000000800244c                ADC1_IRQHandler
                0x000000000800244c                RTC_IRQHandler
                0x000000000800244c                DMA1_Channel4_5_6_7_IRQHandler
                0x000000000800244c                EXTI4_15_IRQHandler
                0x000000000800244c                RCC_IRQHandler
                0x000000000800244c                DMA1_Channel1_IRQHandler
                0x000000000800244c                Default_Handler
                0x000000000800244c                TIM22_IRQHandler
                0x000000000800244c                EXTI0_1_IRQHandler
                0x000000000800244c                TIM21_IRQHandler
                0x000000000800244c                WWDG_IRQHandler
                0x000000000800244c                LPUART1_IRQHandler
                0x000000000800244c                TIM2_IRQHandler
                0x000000000800244c                DMA1_Channel2_3_IRQHandler
                0x000000000800244c                USART2_IRQHandler
                0x000000000800244c                FLASH_IRQHandler
                0x000000000800244c                LPTIM1_IRQHandler
 *fill*         0x000000000800244e        0x2 
 .text.HAL_Init
                0x0000000008002450       0x40 Drivers/STM32L0xx_HAL_Driver/Src/stm32l0xx_hal.o
                0x0000000008002450                HAL_Init
 .text.HAL_InitTick
                0x0000000008002490       0x68 Drivers/STM32L0xx_HAL_Driver/Src/stm32l0xx_hal.o
                0x0000000008002490                HAL_InitTick
 .text.HAL_IncTick
                0x00000000080024f8       0x24 Drivers/STM32L0xx_HAL_Driver/Src/stm32l0xx_hal.o
                0x00000000080024f8                HAL_IncTick
 .text.HAL_GetTick
                0x000000000800251c       0x14 Drivers/STM32L0xx_HAL_Driver/Src/stm32l0xx_hal.o
                0x000000000800251c                HAL_GetTick
 .text.HAL_Delay
                0x0000000008002530       0x48 Drivers/STM32L0xx_HAL_Driver/Src/stm32l0xx_hal.o
                0x0000000008002530                HAL_Delay
 .text.__NVIC_SetPriority
                0x0000000008002578       0xdc Drivers/STM32L0xx_HAL_Driver/Src/stm32l0xx_hal_cortex.o
 .text.SysTick_Config
                0x0000000008002654       0x48 Drivers/STM32L0xx_HAL_Driver/Src/stm32l0xx_hal_cortex.o
 .text.HAL_NVIC_SetPriority
                0x000000000800269c       0x2a Drivers/STM32L0xx_HAL_Driver/Src/stm32l0xx_hal_cortex.o
                0x000000000800269c                HAL_NVIC_SetPriority
 .text.HAL_SYSTICK_Config
                0x00000000080026c6       0x1a Drivers/STM32L0xx_HAL_Driver/Src/stm32l0xx_hal_cortex.o
                0x00000000080026c6                HAL_SYSTICK_Config
 .text.HAL_GPIO_Init
                0x00000000080026e0      0x2fc Drivers/STM32L0xx_HAL_Driver/Src/stm32l0xx_hal_gpio.o
                0x00000000080026e0                HAL_GPIO_Init
 .text.HAL_GPIO_ReadPin
                0x00000000080029dc       0x3a Drivers/STM32L0xx_HAL_Driver/Src/stm32l0xx_hal_gpio.o
                0x00000000080029dc                HAL_GPIO_ReadPin
 .text.HAL_GPIO_WritePin
                0x0000000008002a16       0x3a Drivers/STM32L0xx_HAL_Driver/Src/stm32l0xx_hal_gpio.o
                0x0000000008002a16                HAL_GPIO_WritePin
 .text.HAL_RCC_OscConfig
                0x0000000008002a50      0x6f8 Drivers/STM32L0xx_HAL_Driver/Src/stm32l0xx_hal_rcc.o
                0x0000000008002a50                HAL_RCC_OscConfig
 .text.HAL_RCC_ClockConfig
                0x0000000008003148      0x290 Drivers/STM32L0xx_HAL_Driver/Src/stm32l0xx_hal_rcc.o
                0x0000000008003148                HAL_RCC_ClockConfig
 .text.HAL_RCC_GetSysClockFreq
                0x00000000080033d8      0x14c Drivers/STM32L0xx_HAL_Driver/Src/stm32l0xx_hal_rcc.o
                0x00000000080033d8                HAL_RCC_GetSysClockFreq
 .text.HAL_RCC_GetHCLKFreq
                0x0000000008003524       0x14 Drivers/STM32L0xx_HAL_Driver/Src/stm32l0xx_hal_rcc.o
                0x0000000008003524                HAL_RCC_GetHCLKFreq
 .text.HAL_RCC_GetPCLK1Freq
                0x0000000008003538       0x2c Drivers/STM32L0xx_HAL_Driver/Src/stm32l0xx_hal_rcc.o
                0x0000000008003538                HAL_RCC_GetPCLK1Freq
 .text.HAL_RCC_GetPCLK2Freq
                0x0000000008003564       0x2c Drivers/STM32L0xx_HAL_Driver/Src/stm32l0xx_hal_rcc.o
                0x0000000008003564                HAL_RCC_GetPCLK2Freq
 .text.HAL_RCCEx_PeriphCLKConfig
                0x0000000008003590      0x24c Drivers/STM32L0xx_HAL_Driver/Src/stm32l0xx_hal_rcc_ex.o
                0x0000000008003590                HAL_RCCEx_PeriphCLKConfig
 .text.HAL_SPI_Init
                0x00000000080037dc      0x112 Drivers/STM32L0xx_HAL_Driver/Src/stm32l0xx_hal_spi.o
                0x00000000080037dc                HAL_SPI_Init
 *fill*         0x00000000080038ee        0x2 
 .text.HAL_UART_Init
                0x00000000080038f0       0xa8 Drivers/STM32L0xx_HAL_Driver/Src/stm32l0xx_hal_uart.o
                0x00000000080038f0                HAL_UART_Init
 .text.UART_SetConfig
                0x0000000008003998      0x4c4 Drivers/STM32L0xx_HAL_Driver/Src/stm32l0xx_hal_uart.o
                0x0000000008003998                UART_SetConfig
 .text.UART_AdvFeatureConfig
                0x0000000008003e5c      0x168 Drivers/STM32L0xx_HAL_Driver/Src/stm32l0xx_hal_uart.o
                0x0000000008003e5c                UART_AdvFeatureConfig
 .text.UART_CheckIdleState
                0x0000000008003fc4       0x90 Drivers/STM32L0xx_HAL_Driver/Src/stm32l0xx_hal_uart.o
                0x0000000008003fc4                UART_CheckIdleState
 .text.UART_WaitOnFlagUntilTimeout
                0x0000000008004054       0xfc Drivers/STM32L0xx_HAL_Driver/Src/stm32l0xx_hal_uart.o
                0x0000000008004054                UART_WaitOnFlagUntilTimeout
 .text.__libc_init_array
                0x0000000008004150       0x48 c:/st/stm32cubeide_1.3.0/stm32cubeide/plugins/com.st.stm32cube.ide.mcu.externaltools.gnu-tools-for-stm32.9-2020-q2-update.win32_1.5.0.202011040924/tools/bin/../lib/gcc/arm-none-eabi/9.3.1/../../../../arm-none-eabi/lib/thumb/v6-m/nofp\libc_nano.a(lib_a-init.o)
                0x0000000008004150                __libc_init_array
 .text.memset   0x0000000008004198       0x10 c:/st/stm32cubeide_1.3.0/stm32cubeide/plugins/com.st.stm32cube.ide.mcu.externaltools.gnu-tools-for-stm32.9-2020-q2-update.win32_1.5.0.202011040924/tools/bin/../lib/gcc/arm-none-eabi/9.3.1/../../../../arm-none-eabi/lib/thumb/v6-m/nofp\libc_nano.a(lib_a-memset.o)
                0x0000000008004198                memset
 *(.glue_7)
 .glue_7        0x00000000080041a8        0x0 linker stubs
 *(.glue_7t)
 .glue_7t       0x00000000080041a8        0x0 linker stubs
 *(.eh_frame)
 .eh_frame      0x00000000080041a8        0x0 c:/st/stm32cubeide_1.3.0/stm32cubeide/plugins/com.st.stm32cube.ide.mcu.externaltools.gnu-tools-for-stm32.9-2020-q2-update.win32_1.5.0.202011040924/tools/bin/../lib/gcc/arm-none-eabi/9.3.1/thumb/v6-m/nofp/crtbegin.o
 *(.init)
 .init          0x00000000080041a8        0x4 c:/st/stm32cubeide_1.3.0/stm32cubeide/plugins/com.st.stm32cube.ide.mcu.externaltools.gnu-tools-for-stm32.9-2020-q2-update.win32_1.5.0.202011040924/tools/bin/../lib/gcc/arm-none-eabi/9.3.1/thumb/v6-m/nofp/crti.o
                0x00000000080041a8                _init
 .init          0x00000000080041ac        0x8 c:/st/stm32cubeide_1.3.0/stm32cubeide/plugins/com.st.stm32cube.ide.mcu.externaltools.gnu-tools-for-stm32.9-2020-q2-update.win32_1.5.0.202011040924/tools/bin/../lib/gcc/arm-none-eabi/9.3.1/thumb/v6-m/nofp/crtn.o
 *(.fini)
 .fini          0x00000000080041b4        0x4 c:/st/stm32cubeide_1.3.0/stm32cubeide/plugins/com.st.stm32cube.ide.mcu.externaltools.gnu-tools-for-stm32.9-2020-q2-update.win32_1.5.0.202011040924/tools/bin/../lib/gcc/arm-none-eabi/9.3.1/thumb/v6-m/nofp/crti.o
                0x00000000080041b4                _fini
 .fini          0x00000000080041b8        0x8 c:/st/stm32cubeide_1.3.0/stm32cubeide/plugins/com.st.stm32cube.ide.mcu.externaltools.gnu-tools-for-stm32.9-2020-q2-update.win32_1.5.0.202011040924/tools/bin/../lib/gcc/arm-none-eabi/9.3.1/thumb/v6-m/nofp/crtn.o
                0x00000000080041c0                . = ALIGN (0x4)
                0x00000000080041c0                _etext = .

.vfp11_veneer   0x00000000080041c0        0x0
 .vfp11_veneer  0x00000000080041c0        0x0 linker stubs

.v4_bx          0x00000000080041c0        0x0
 .v4_bx         0x00000000080041c0        0x0 linker stubs

.iplt           0x00000000080041c0        0x0
 .iplt          0x00000000080041c0        0x0 c:/st/stm32cubeide_1.3.0/stm32cubeide/plugins/com.st.stm32cube.ide.mcu.externaltools.gnu-tools-for-stm32.9-2020-q2-update.win32_1.5.0.202011040924/tools/bin/../lib/gcc/arm-none-eabi/9.3.1/thumb/v6-m/nofp/crtbegin.o

.rodata         0x00000000080041c0     0x481c
                0x00000000080041c0                . = ALIGN (0x4)
 *(.rodata)
 .rodata        0x00000000080041c0        0xd Core/Src/main.o
 *(.rodata*)
 *fill*         0x00000000080041cd        0x3 
 .rodata.Font12_Table
                0x00000000080041d0      0x474 Core/Src/font12.o
                0x00000000080041d0                Font12_Table
 .rodata.Font16_Table
                0x0000000008004644      0xbe0 Core/Src/font16.o
                0x0000000008004644                Font16_Table
 .rodata.Font20_Table
                0x0000000008005224      0xed8 Core/Src/font20.o
                0x0000000008005224                Font20_Table
 .rodata.Font24_Table
                0x00000000080060fc     0x1ab8 Core/Src/font24.o
                0x00000000080060fc                Font24_Table
 .rodata.Font8_Table
                0x0000000008007bb4      0x2f8 Core/Src/font8.o
                0x0000000008007bb4                Font8_Table
 .rodata.gImage_1
                0x0000000008007eac      0xac4 Core/Src/main.o
                0x0000000008007eac                gImage_1
 .rodata.AHBPrescTable
                0x0000000008008970       0x10 Core/Src/system_stm32l0xx.o
                0x0000000008008970                AHBPrescTable
 .rodata.APBPrescTable
                0x0000000008008980        0x8 Core/Src/system_stm32l0xx.o
                0x0000000008008980                APBPrescTable
 .rodata.PLLMulTable
                0x0000000008008988        0x9 Core/Src/system_stm32l0xx.o
                0x0000000008008988                PLLMulTable
 *fill*         0x0000000008008991        0x3 
 .rodata.UART_SetConfig
                0x0000000008008994       0x48 Drivers/STM32L0xx_HAL_Driver/Src/stm32l0xx_hal_uart.o
                0x00000000080089dc                . = ALIGN (0x4)

.ARM.extab      0x00000000080089dc        0x0
                0x00000000080089dc                . = ALIGN (0x4)
 *(.ARM.extab* .gnu.linkonce.armextab.*)
                0x00000000080089dc                . = ALIGN (0x4)

.ARM            0x00000000080089dc        0x8
                0x00000000080089dc                . = ALIGN (0x4)
                0x00000000080089dc                __exidx_start = .
 *(.ARM.exidx*)
 .ARM.exidx     0x00000000080089dc        0x8 c:/st/stm32cubeide_1.3.0/stm32cubeide/plugins/com.st.stm32cube.ide.mcu.externaltools.gnu-tools-for-stm32.9-2020-q2-update.win32_1.5.0.202011040924/tools/bin/../lib/gcc/arm-none-eabi/9.3.1/thumb/v6-m/nofp\libgcc.a(_udivmoddi4.o)
                0x00000000080089e4                __exidx_end = .
                0x00000000080089e4                . = ALIGN (0x4)

.rel.dyn        0x00000000080089e4        0x0
 .rel.iplt      0x00000000080089e4        0x0 c:/st/stm32cubeide_1.3.0/stm32cubeide/plugins/com.st.stm32cube.ide.mcu.externaltools.gnu-tools-for-stm32.9-2020-q2-update.win32_1.5.0.202011040924/tools/bin/../lib/gcc/arm-none-eabi/9.3.1/thumb/v6-m/nofp/crtbegin.o

.preinit_array  0x00000000080089e4        0x0
                0x00000000080089e4                . = ALIGN (0x4)
                0x00000000080089e4                PROVIDE (__preinit_array_start = .)
 *(.preinit_array*)
                0x00000000080089e4                PROVIDE (__preinit_array_end = .)
                0x00000000080089e4                . = ALIGN (0x4)

.init_array     0x00000000080089e4        0x4
                0x00000000080089e4                . = ALIGN (0x4)
                0x00000000080089e4                PROVIDE (__init_array_start = .)
 *(SORT_BY_NAME(.init_array.*))
 *(.init_array*)
 .init_array    0x00000000080089e4        0x4 c:/st/stm32cubeide_1.3.0/stm32cubeide/plugins/com.st.stm32cube.ide.mcu.externaltools.gnu-tools-for-stm32.9-2020-q2-update.win32_1.5.0.202011040924/tools/bin/../lib/gcc/arm-none-eabi/9.3.1/thumb/v6-m/nofp/crtbegin.o
                0x00000000080089e8                PROVIDE (__init_array_end = .)
                0x00000000080089e8                . = ALIGN (0x4)

.fini_array     0x00000000080089e8        0x4
                0x00000000080089e8                . = ALIGN (0x4)
                [!provide]                        PROVIDE (__fini_array_start = .)
 *(SORT_BY_NAME(.fini_array.*))
 *(.fini_array*)
 .fini_array    0x00000000080089e8        0x4 c:/st/stm32cubeide_1.3.0/stm32cubeide/plugins/com.st.stm32cube.ide.mcu.externaltools.gnu-tools-for-stm32.9-2020-q2-update.win32_1.5.0.202011040924/tools/bin/../lib/gcc/arm-none-eabi/9.3.1/thumb/v6-m/nofp/crtbegin.o
                [!provide]                        PROVIDE (__fini_array_end = .)
                0x00000000080089ec                . = ALIGN (0x4)
                0x00000000080089ec                _sidata = LOADADDR (.data)

.data           0x0000000020000000       0x34 load address 0x00000000080089ec
                0x0000000020000000                . = ALIGN (0x4)
                0x0000000020000000                _sdata = .
 *(.data)
 *(.data*)
 .data.Font12   0x0000000020000000        0x8 Core/Src/font12.o
                0x0000000020000000                Font12
 .data.Font16   0x0000000020000008        0x8 Core/Src/font16.o
                0x0000000020000008                Font16
 .data.Font20   0x0000000020000010        0x8 Core/Src/font20.o
                0x0000000020000010                Font20
 .data.Font24   0x0000000020000018        0x8 Core/Src/font24.o
                0x0000000020000018                Font24
 .data.Font8    0x0000000020000020        0x8 Core/Src/font8.o
                0x0000000020000020                Font8
 .data.SystemCoreClock
                0x0000000020000028        0x4 Core/Src/system_stm32l0xx.o
                0x0000000020000028                SystemCoreClock
 .data.uwTickPrio
                0x000000002000002c        0x4 Drivers/STM32L0xx_HAL_Driver/Src/stm32l0xx_hal.o
                0x000000002000002c                uwTickPrio
 .data.uwTickFreq
                0x0000000020000030        0x1 Drivers/STM32L0xx_HAL_Driver/Src/stm32l0xx_hal.o
                0x0000000020000030                uwTickFreq
 *(.RamFunc)
 *(.RamFunc*)
                0x0000000020000034                . = ALIGN (0x4)
 *fill*         0x0000000020000031        0x3 
                0x0000000020000034                _edata = .

.igot.plt       0x0000000020000034        0x0 load address 0x0000000008008a20
 .igot.plt      0x0000000020000034        0x0 c:/st/stm32cubeide_1.3.0/stm32cubeide/plugins/com.st.stm32cube.ide.mcu.externaltools.gnu-tools-for-stm32.9-2020-q2-update.win32_1.5.0.202011040924/tools/bin/../lib/gcc/arm-none-eabi/9.3.1/thumb/v6-m/nofp/crtbegin.o
                0x0000000020000034                . = ALIGN (0x4)

.bss            0x0000000020000034      0xc5c load address 0x0000000008008a20
                0x0000000020000034                _sbss = .
                0x0000000020000034                __bss_start__ = _sbss
 *(.bss)
 .bss           0x0000000020000034       0x1c c:/st/stm32cubeide_1.3.0/stm32cubeide/plugins/com.st.stm32cube.ide.mcu.externaltools.gnu-tools-for-stm32.9-2020-q2-update.win32_1.5.0.202011040924/tools/bin/../lib/gcc/arm-none-eabi/9.3.1/thumb/v6-m/nofp/crtbegin.o
 *(.bss*)
 *(COMMON)
 COMMON         0x0000000020000050       0x18 Core/Src/GUI_Paint.o
                0x0000000020000050                Paint
 COMMON         0x0000000020000068      0xc24 Core/Src/main.o
                0x0000000020000068                BlackImage
                0x0000000020000bb0                hspi1
                0x0000000020000c08                huart2
 COMMON         0x0000000020000c8c        0x4 Drivers/STM32L0xx_HAL_Driver/Src/stm32l0xx_hal.o
                0x0000000020000c8c                uwTick
                0x0000000020000c90                . = ALIGN (0x4)
                0x0000000020000c90                _ebss = .
                0x0000000020000c90                __bss_end__ = _ebss

._user_heap_stack
                0x0000000020000c90      0x600 load address 0x0000000008008a20
                0x0000000020000c90                . = ALIGN (0x8)
                [!provide]                        PROVIDE (end = .)
                0x0000000020000c90                PROVIDE (_end = .)
                0x0000000020000e90                . = (. + _Min_Heap_Size)
 *fill*         0x0000000020000c90      0x200 
                0x0000000020001290                . = (. + _Min_Stack_Size)
 *fill*         0x0000000020000e90      0x400 
                0x0000000020001290                . = ALIGN (0x8)

/DISCARD/
 libc.a(*)
 libm.a(*)
 libgcc.a(*)

.ARM.attributes
                0x0000000000000000       0x28
 *(.ARM.attributes)
 .ARM.attributes
                0x0000000000000000       0x1e c:/st/stm32cubeide_1.3.0/stm32cubeide/plugins/com.st.stm32cube.ide.mcu.externaltools.gnu-tools-for-stm32.9-2020-q2-update.win32_1.5.0.202011040924/tools/bin/../lib/gcc/arm-none-eabi/9.3.1/thumb/v6-m/nofp/crti.o
 .ARM.attributes
                0x000000000000001e       0x2c c:/st/stm32cubeide_1.3.0/stm32cubeide/plugins/com.st.stm32cube.ide.mcu.externaltools.gnu-tools-for-stm32.9-2020-q2-update.win32_1.5.0.202011040924/tools/bin/../lib/gcc/arm-none-eabi/9.3.1/thumb/v6-m/nofp/crtbegin.o
 .ARM.attributes
                0x000000000000004a       0x2c Core/Src/Display_EPD_W21.o
 .ARM.attributes
                0x0000000000000076       0x2c Core/Src/Display_EPD_W21_spi.o
 .ARM.attributes
                0x00000000000000a2       0x2c Core/Src/GUI_Paint.o
 .ARM.attributes
                0x00000000000000ce       0x32 Core/Src/font12.o
 .ARM.attributes
                0x0000000000000100       0x32 Core/Src/font16.o
 .ARM.attributes
                0x0000000000000132       0x32 Core/Src/font20.o
 .ARM.attributes
                0x0000000000000164       0x32 Core/Src/font24.o
 .ARM.attributes
                0x0000000000000196       0x32 Core/Src/font8.o
 .ARM.attributes
                0x00000000000001c8       0x2c Core/Src/main.o
 .ARM.attributes
                0x00000000000001f4       0x2c Core/Src/stm32l0xx_hal_msp.o
 .ARM.attributes
                0x0000000000000220       0x2c Core/Src/stm32l0xx_it.o
 .ARM.attributes
                0x000000000000024c       0x2c Core/Src/system_stm32l0xx.o
 .ARM.attributes
                0x0000000000000278       0x22 Core/Startup/startup_stm32l010rbtx.o
 .ARM.attributes
                0x000000000000029a       0x2c Drivers/STM32L0xx_HAL_Driver/Src/stm32l0xx_hal.o
 .ARM.attributes
                0x00000000000002c6       0x2c Drivers/STM32L0xx_HAL_Driver/Src/stm32l0xx_hal_cortex.o
 .ARM.attributes
                0x00000000000002f2       0x2c Drivers/STM32L0xx_HAL_Driver/Src/stm32l0xx_hal_gpio.o
 .ARM.attributes
                0x000000000000031e       0x2c Drivers/STM32L0xx_HAL_Driver/Src/stm32l0xx_hal_rcc.o
 .ARM.attributes
                0x000000000000034a       0x2c Drivers/STM32L0xx_HAL_Driver/Src/stm32l0xx_hal_rcc_ex.o
 .ARM.attributes
                0x0000000000000376       0x2c Drivers/STM32L0xx_HAL_Driver/Src/stm32l0xx_hal_spi.o
 .ARM.attributes
                0x00000000000003a2       0x2c Drivers/STM32L0xx_HAL_Driver/Src/stm32l0xx_hal_uart.o
 .ARM.attributes
                0x00000000000003ce       0x2c c:/st/stm32cubeide_1.3.0/stm32cubeide/plugins/com.st.stm32cube.ide.mcu.externaltools.gnu-tools-for-stm32.9-2020-q2-update.win32_1.5.0.202011040924/tools/bin/../lib/gcc/arm-none-eabi/9.3.1/../../../../arm-none-eabi/lib/thumb/v6-m/nofp\libc_nano.a(lib_a-init.o)
 .ARM.attributes
                0x00000000000003fa       0x2c c:/st/stm32cubeide_1.3.0/stm32cubeide/plugins/com.st.stm32cube.ide.mcu.externaltools.gnu-tools-for-stm32.9-2020-q2-update.win32_1.5.0.202011040924/tools/bin/../lib/gcc/arm-none-eabi/9.3.1/../../../../arm-none-eabi/lib/thumb/v6-m/nofp\libc_nano.a(lib_a-memset.o)
 .ARM.attributes
                0x0000000000000426       0x1e c:/st/stm32cubeide_1.3.0/stm32cubeide/plugins/com.st.stm32cube.ide.mcu.externaltools.gnu-tools-for-stm32.9-2020-q2-update.win32_1.5.0.202011040924/tools/bin/../lib/gcc/arm-none-eabi/9.3.1/thumb/v6-m/nofp\libgcc.a(_udivsi3.o)
 .ARM.attributes
                0x0000000000000444       0x1e c:/st/stm32cubeide_1.3.0/stm32cubeide/plugins/com.st.stm32cube.ide.mcu.externaltools.gnu-tools-for-stm32.9-2020-q2-update.win32_1.5.0.202011040924/tools/bin/../lib/gcc/arm-none-eabi/9.3.1/thumb/v6-m/nofp\libgcc.a(_divsi3.o)
 .ARM.attributes
                0x0000000000000462       0x1e c:/st/stm32cubeide_1.3.0/stm32cubeide/plugins/com.st.stm32cube.ide.mcu.externaltools.gnu-tools-for-stm32.9-2020-q2-update.win32_1.5.0.202011040924/tools/bin/../lib/gcc/arm-none-eabi/9.3.1/thumb/v6-m/nofp\libgcc.a(_dvmd_tls.o)
 .ARM.attributes
                0x0000000000000480       0x1e c:/st/stm32cubeide_1.3.0/stm32cubeide/plugins/com.st.stm32cube.ide.mcu.externaltools.gnu-tools-for-stm32.9-2020-q2-update.win32_1.5.0.202011040924/tools/bin/../lib/gcc/arm-none-eabi/9.3.1/thumb/v6-m/nofp\libgcc.a(_aeabi_uldivmod.o)
 .ARM.attributes
                0x000000000000049e       0x2c c:/st/stm32cubeide_1.3.0/stm32cubeide/plugins/com.st.stm32cube.ide.mcu.externaltools.gnu-tools-for-stm32.9-2020-q2-update.win32_1.5.0.202011040924/tools/bin/../lib/gcc/arm-none-eabi/9.3.1/thumb/v6-m/nofp\libgcc.a(_muldi3.o)
 .ARM.attributes
                0x00000000000004ca       0x2c c:/st/stm32cubeide_1.3.0/stm32cubeide/plugins/com.st.stm32cube.ide.mcu.externaltools.gnu-tools-for-stm32.9-2020-q2-update.win32_1.5.0.202011040924/tools/bin/../lib/gcc/arm-none-eabi/9.3.1/thumb/v6-m/nofp\libgcc.a(_udivmoddi4.o)
 .ARM.attributes
                0x00000000000004f6       0x1e c:/st/stm32cubeide_1.3.0/stm32cubeide/plugins/com.st.stm32cube.ide.mcu.externaltools.gnu-tools-for-stm32.9-2020-q2-update.win32_1.5.0.202011040924/tools/bin/../lib/gcc/arm-none-eabi/9.3.1/thumb/v6-m/nofp\libgcc.a(_clzdi2.o)
 .ARM.attributes
                0x0000000000000514       0x1e c:/st/stm32cubeide_1.3.0/stm32cubeide/plugins/com.st.stm32cube.ide.mcu.externaltools.gnu-tools-for-stm32.9-2020-q2-update.win32_1.5.0.202011040924/tools/bin/../lib/gcc/arm-none-eabi/9.3.1/thumb/v6-m/nofp\libgcc.a(_clzsi2.o)
 .ARM.attributes
                0x0000000000000532       0x1e c:/st/stm32cubeide_1.3.0/stm32cubeide/plugins/com.st.stm32cube.ide.mcu.externaltools.gnu-tools-for-stm32.9-2020-q2-update.win32_1.5.0.202011040924/tools/bin/../lib/gcc/arm-none-eabi/9.3.1/thumb/v6-m/nofp/crtn.o
OUTPUT(Eink.elf elf32-littlearm)
LOAD linker stubs
LOAD c:/st/stm32cubeide_1.3.0/stm32cubeide/plugins/com.st.stm32cube.ide.mcu.externaltools.gnu-tools-for-stm32.9-2020-q2-update.win32_1.5.0.202011040924/tools/bin/../lib/gcc/arm-none-eabi/9.3.1/../../../../arm-none-eabi/lib/thumb/v6-m/nofp\libc.a
LOAD c:/st/stm32cubeide_1.3.0/stm32cubeide/plugins/com.st.stm32cube.ide.mcu.externaltools.gnu-tools-for-stm32.9-2020-q2-update.win32_1.5.0.202011040924/tools/bin/../lib/gcc/arm-none-eabi/9.3.1/../../../../arm-none-eabi/lib/thumb/v6-m/nofp\libm.a
LOAD c:/st/stm32cubeide_1.3.0/stm32cubeide/plugins/com.st.stm32cube.ide.mcu.externaltools.gnu-tools-for-stm32.9-2020-q2-update.win32_1.5.0.202011040924/tools/bin/../lib/gcc/arm-none-eabi/9.3.1/thumb/v6-m/nofp\libgcc.a

.debug_info     0x0000000000000000     0xa3d0
 .debug_info    0x0000000000000000      0x393 Core/Src/Display_EPD_W21.o
 .debug_info    0x0000000000000393      0x2f9 Core/Src/Display_EPD_W21_spi.o
 .debug_info    0x000000000000068c     0x1685 Core/Src/GUI_Paint.o
 .debug_info    0x0000000000001d11      0x24e Core/Src/font12.o
 .debug_info    0x0000000000001f5f      0x24e Core/Src/font16.o
 .debug_info    0x00000000000021ad      0x24e Core/Src/font20.o
 .debug_info    0x00000000000023fb      0x24e Core/Src/font24.o
 .debug_info    0x0000000000002649      0x24e Core/Src/font8.o
 .debug_info    0x0000000000002897     0x12a8 Core/Src/main.o
 .debug_info    0x0000000000003b3f      0xcb9 Core/Src/stm32l0xx_hal_msp.o
 .debug_info    0x00000000000047f8      0x1d4 Core/Src/stm32l0xx_it.o
 .debug_info    0x00000000000049cc      0x363 Core/Src/system_stm32l0xx.o
 .debug_info    0x0000000000004d2f       0x22 Core/Startup/startup_stm32l010rbtx.o
 .debug_info    0x0000000000004d51      0x8ab Drivers/STM32L0xx_HAL_Driver/Src/stm32l0xx_hal.o
 .debug_info    0x00000000000055fc      0x7b9 Drivers/STM32L0xx_HAL_Driver/Src/stm32l0xx_hal_cortex.o
 .debug_info    0x0000000000005db5      0x77c Drivers/STM32L0xx_HAL_Driver/Src/stm32l0xx_hal_gpio.o
 .debug_info    0x0000000000006531      0x98e Drivers/STM32L0xx_HAL_Driver/Src/stm32l0xx_hal_rcc.o
 .debug_info    0x0000000000006ebf      0x567 Drivers/STM32L0xx_HAL_Driver/Src/stm32l0xx_hal_rcc_ex.o
 .debug_info    0x0000000000007426     0x1749 Drivers/STM32L0xx_HAL_Driver/Src/stm32l0xx_hal_spi.o
 .debug_info    0x0000000000008b6f     0x1861 Drivers/STM32L0xx_HAL_Driver/Src/stm32l0xx_hal_uart.o

.debug_abbrev   0x0000000000000000     0x1f7a
 .debug_abbrev  0x0000000000000000      0x16c Core/Src/Display_EPD_W21.o
 .debug_abbrev  0x000000000000016c      0x143 Core/Src/Display_EPD_W21_spi.o
 .debug_abbrev  0x00000000000002af      0x2cc Core/Src/GUI_Paint.o
 .debug_abbrev  0x000000000000057b       0xce Core/Src/font12.o
 .debug_abbrev  0x0000000000000649       0xce Core/Src/font16.o
 .debug_abbrev  0x0000000000000717       0xce Core/Src/font20.o
 .debug_abbrev  0x00000000000007e5       0xce Core/Src/font24.o
 .debug_abbrev  0x00000000000008b3       0xce Core/Src/font8.o
 .debug_abbrev  0x0000000000000981      0x257 Core/Src/main.o
 .debug_abbrev  0x0000000000000bd8      0x1ac Core/Src/stm32l0xx_hal_msp.o
 .debug_abbrev  0x0000000000000d84       0xd2 Core/Src/stm32l0xx_it.o
 .debug_abbrev  0x0000000000000e56      0x145 Core/Src/system_stm32l0xx.o
 .debug_abbrev  0x0000000000000f9b       0x12 Core/Startup/startup_stm32l010rbtx.o
 .debug_abbrev  0x0000000000000fad      0x267 Drivers/STM32L0xx_HAL_Driver/Src/stm32l0xx_hal.o
 .debug_abbrev  0x0000000000001214      0x28b Drivers/STM32L0xx_HAL_Driver/Src/stm32l0xx_hal_cortex.o
 .debug_abbrev  0x000000000000149f      0x1e8 Drivers/STM32L0xx_HAL_Driver/Src/stm32l0xx_hal_gpio.o
 .debug_abbrev  0x0000000000001687      0x246 Drivers/STM32L0xx_HAL_Driver/Src/stm32l0xx_hal_rcc.o
 .debug_abbrev  0x00000000000018cd      0x1ef Drivers/STM32L0xx_HAL_Driver/Src/stm32l0xx_hal_rcc_ex.o
 .debug_abbrev  0x0000000000001abc      0x26e Drivers/STM32L0xx_HAL_Driver/Src/stm32l0xx_hal_spi.o
 .debug_abbrev  0x0000000000001d2a      0x250 Drivers/STM32L0xx_HAL_Driver/Src/stm32l0xx_hal_uart.o

.debug_aranges  0x0000000000000000      0x9c0
 .debug_aranges
                0x0000000000000000       0x58 Core/Src/Display_EPD_W21.o
 .debug_aranges
                0x0000000000000058       0x40 Core/Src/Display_EPD_W21_spi.o
 .debug_aranges
                0x0000000000000098       0xa0 Core/Src/GUI_Paint.o
 .debug_aranges
                0x0000000000000138       0x18 Core/Src/font12.o
 .debug_aranges
                0x0000000000000150       0x18 Core/Src/font16.o
 .debug_aranges
                0x0000000000000168       0x18 Core/Src/font20.o
 .debug_aranges
                0x0000000000000180       0x18 Core/Src/font24.o
 .debug_aranges
                0x0000000000000198       0x18 Core/Src/font8.o
 .debug_aranges
                0x00000000000001b0       0x48 Core/Src/main.o
 .debug_aranges
                0x00000000000001f8       0x40 Core/Src/stm32l0xx_hal_msp.o
 .debug_aranges
                0x0000000000000238       0x40 Core/Src/stm32l0xx_it.o
 .debug_aranges
                0x0000000000000278       0x28 Core/Src/system_stm32l0xx.o
 .debug_aranges
                0x00000000000002a0       0x28 Core/Startup/startup_stm32l010rbtx.o
 .debug_aranges
                0x00000000000002c8      0x110 Drivers/STM32L0xx_HAL_Driver/Src/stm32l0xx_hal.o
 .debug_aranges
                0x00000000000003d8       0xc0 Drivers/STM32L0xx_HAL_Driver/Src/stm32l0xx_hal_cortex.o
 .debug_aranges
                0x0000000000000498       0x58 Drivers/STM32L0xx_HAL_Driver/Src/stm32l0xx_hal_gpio.o
 .debug_aranges
                0x00000000000004f0       0x80 Drivers/STM32L0xx_HAL_Driver/Src/stm32l0xx_hal_rcc.o
 .debug_aranges
                0x0000000000000570       0x58 Drivers/STM32L0xx_HAL_Driver/Src/stm32l0xx_hal_rcc_ex.o
 .debug_aranges
                0x00000000000005c8      0x1d0 Drivers/STM32L0xx_HAL_Driver/Src/stm32l0xx_hal_spi.o
 .debug_aranges
                0x0000000000000798      0x228 Drivers/STM32L0xx_HAL_Driver/Src/stm32l0xx_hal_uart.o

.debug_ranges   0x0000000000000000      0x890
 .debug_ranges  0x0000000000000000       0x48 Core/Src/Display_EPD_W21.o
 .debug_ranges  0x0000000000000048       0x30 Core/Src/Display_EPD_W21_spi.o
 .debug_ranges  0x0000000000000078       0x90 Core/Src/GUI_Paint.o
 .debug_ranges  0x0000000000000108       0x38 Core/Src/main.o
 .debug_ranges  0x0000000000000140       0x30 Core/Src/stm32l0xx_hal_msp.o
 .debug_ranges  0x0000000000000170       0x30 Core/Src/stm32l0xx_it.o
 .debug_ranges  0x00000000000001a0       0x18 Core/Src/system_stm32l0xx.o
 .debug_ranges  0x00000000000001b8       0x20 Core/Startup/startup_stm32l010rbtx.o
 .debug_ranges  0x00000000000001d8      0x100 Drivers/STM32L0xx_HAL_Driver/Src/stm32l0xx_hal.o
 .debug_ranges  0x00000000000002d8       0xb0 Drivers/STM32L0xx_HAL_Driver/Src/stm32l0xx_hal_cortex.o
 .debug_ranges  0x0000000000000388       0x48 Drivers/STM32L0xx_HAL_Driver/Src/stm32l0xx_hal_gpio.o
 .debug_ranges  0x00000000000003d0       0x70 Drivers/STM32L0xx_HAL_Driver/Src/stm32l0xx_hal_rcc.o
 .debug_ranges  0x0000000000000440       0x48 Drivers/STM32L0xx_HAL_Driver/Src/stm32l0xx_hal_rcc_ex.o
 .debug_ranges  0x0000000000000488      0x1c0 Drivers/STM32L0xx_HAL_Driver/Src/stm32l0xx_hal_spi.o
 .debug_ranges  0x0000000000000648      0x248 Drivers/STM32L0xx_HAL_Driver/Src/stm32l0xx_hal_uart.o

.debug_macro    0x0000000000000000    0x11360
 .debug_macro   0x0000000000000000      0x1cc Core/Src/Display_EPD_W21.o
 .debug_macro   0x00000000000001cc      0xa7e Core/Src/Display_EPD_W21.o
 .debug_macro   0x0000000000000c4a       0x2e Core/Src/Display_EPD_W21.o
 .debug_macro   0x0000000000000c78       0x28 Core/Src/Display_EPD_W21.o
 .debug_macro   0x0000000000000ca0       0x22 Core/Src/Display_EPD_W21.o
 .debug_macro   0x0000000000000cc2       0x8e Core/Src/Display_EPD_W21.o
 .debug_macro   0x0000000000000d50       0x51 Core/Src/Display_EPD_W21.o
 .debug_macro   0x0000000000000da1      0x103 Core/Src/Display_EPD_W21.o
 .debug_macro   0x0000000000000ea4       0x6a Core/Src/Display_EPD_W21.o
 .debug_macro   0x0000000000000f0e      0x1df Core/Src/Display_EPD_W21.o
 .debug_macro   0x00000000000010ed       0x1c Core/Src/Display_EPD_W21.o
 .debug_macro   0x0000000000001109       0x22 Core/Src/Display_EPD_W21.o
 .debug_macro   0x000000000000112b       0xb5 Core/Src/Display_EPD_W21.o
 .debug_macro   0x00000000000011e0      0x3ad Core/Src/Display_EPD_W21.o
 .debug_macro   0x000000000000158d     0x7b80 Core/Src/Display_EPD_W21.o
 .debug_macro   0x000000000000910d       0x3c Core/Src/Display_EPD_W21.o
 .debug_macro   0x0000000000009149      0x125 Core/Src/Display_EPD_W21.o
 .debug_macro   0x000000000000926e     0x3524 Core/Src/Display_EPD_W21.o
 .debug_macro   0x000000000000c792      0x174 Core/Src/Display_EPD_W21.o
 .debug_macro   0x000000000000c906       0x5b Core/Src/Display_EPD_W21.o
 .debug_macro   0x000000000000c961      0x8a0 Core/Src/Display_EPD_W21.o
 .debug_macro   0x000000000000d201      0x500 Core/Src/Display_EPD_W21.o
 .debug_macro   0x000000000000d701      0x198 Core/Src/Display_EPD_W21.o
 .debug_macro   0x000000000000d899      0x13f Core/Src/Display_EPD_W21.o
 .debug_macro   0x000000000000d9d8      0x122 Core/Src/Display_EPD_W21.o
 .debug_macro   0x000000000000dafa      0x28e Core/Src/Display_EPD_W21.o
 .debug_macro   0x000000000000dd88       0x28 Core/Src/Display_EPD_W21.o
 .debug_macro   0x000000000000ddb0      0x129 Core/Src/Display_EPD_W21.o
 .debug_macro   0x000000000000ded9      0x1c6 Core/Src/Display_EPD_W21.o
 .debug_macro   0x000000000000e09f      0x22c Core/Src/Display_EPD_W21.o
 .debug_macro   0x000000000000e2cb       0x5b Core/Src/Display_EPD_W21.o
 .debug_macro   0x000000000000e326       0xa5 Core/Src/Display_EPD_W21.o
 .debug_macro   0x000000000000e3cb       0xb0 Core/Src/Display_EPD_W21.o
 .debug_macro   0x000000000000e47b       0x16 Core/Src/Display_EPD_W21.o
 .debug_macro   0x000000000000e491      0x22c Core/Src/Display_EPD_W21.o
 .debug_macro   0x000000000000e6bd      0x5ba Core/Src/Display_EPD_W21.o
 .debug_macro   0x000000000000ec77       0x44 Core/Src/Display_EPD_W21.o
 .debug_macro   0x000000000000ecbb      0x10e Core/Src/Display_EPD_W21.o
 .debug_macro   0x000000000000edc9       0x46 Core/Src/Display_EPD_W21.o
 .debug_macro   0x000000000000ee0f       0x16 Core/Src/Display_EPD_W21.o
 .debug_macro   0x000000000000ee25      0x1c3 Core/Src/Display_EPD_W21_spi.o
 .debug_macro   0x000000000000efe8      0x196 Core/Src/GUI_Paint.o
 .debug_macro   0x000000000000f17e       0x1c Core/Src/GUI_Paint.o
 .debug_macro   0x000000000000f19a       0x64 Core/Src/GUI_Paint.o
 .debug_macro   0x000000000000f1fe       0x18 Core/Src/GUI_Paint.o
 .debug_macro   0x000000000000f216       0x52 Core/Src/GUI_Paint.o
 .debug_macro   0x000000000000f268       0x3c Core/Src/GUI_Paint.o
 .debug_macro   0x000000000000f2a4       0x34 Core/Src/GUI_Paint.o
 .debug_macro   0x000000000000f2d8       0x16 Core/Src/GUI_Paint.o
 .debug_macro   0x000000000000f2ee      0x10e Core/Src/GUI_Paint.o
 .debug_macro   0x000000000000f3fc       0x8d Core/Src/GUI_Paint.o
 .debug_macro   0x000000000000f489       0x16 Core/Src/GUI_Paint.o
 .debug_macro   0x000000000000f49f       0x43 Core/Src/GUI_Paint.o
 .debug_macro   0x000000000000f4e2       0x34 Core/Src/GUI_Paint.o
 .debug_macro   0x000000000000f516       0x10 Core/Src/GUI_Paint.o
 .debug_macro   0x000000000000f526       0x58 Core/Src/GUI_Paint.o
 .debug_macro   0x000000000000f57e       0x71 Core/Src/GUI_Paint.o
 .debug_macro   0x000000000000f5ef       0x1c Core/Src/GUI_Paint.o
 .debug_macro   0x000000000000f60b      0x12a Core/Src/GUI_Paint.o
 .debug_macro   0x000000000000f735      0x339 Core/Src/GUI_Paint.o
 .debug_macro   0x000000000000fa6e       0x16 Core/Src/GUI_Paint.o
 .debug_macro   0x000000000000fa84       0x29 Core/Src/GUI_Paint.o
 .debug_macro   0x000000000000faad       0x16 Core/Src/GUI_Paint.o
 .debug_macro   0x000000000000fac3       0x35 Core/Src/GUI_Paint.o
 .debug_macro   0x000000000000faf8       0x20 Core/Src/GUI_Paint.o
 .debug_macro   0x000000000000fb18      0x1a9 Core/Src/GUI_Paint.o
 .debug_macro   0x000000000000fcc1       0x6c Core/Src/font12.o
 .debug_macro   0x000000000000fd2d       0x6c Core/Src/font16.o
 .debug_macro   0x000000000000fd99       0x6c Core/Src/font20.o
 .debug_macro   0x000000000000fe05       0x6c Core/Src/font24.o
 .debug_macro   0x000000000000fe71       0x6c Core/Src/font8.o
 .debug_macro   0x000000000000fedd      0x1f5 Core/Src/main.o
 .debug_macro   0x00000000000100d2       0x58 Core/Src/main.o
 .debug_macro   0x000000000001012a       0x4c Core/Src/main.o
 .debug_macro   0x0000000000010176      0x1c3 Core/Src/stm32l0xx_hal_msp.o
 .debug_macro   0x0000000000010339      0x1cd Core/Src/stm32l0xx_it.o
 .debug_macro   0x0000000000010506      0x1b4 Core/Src/system_stm32l0xx.o
 .debug_macro   0x00000000000106ba      0x1d8 Drivers/STM32L0xx_HAL_Driver/Src/stm32l0xx_hal.o
 .debug_macro   0x0000000000010892      0x1b4 Drivers/STM32L0xx_HAL_Driver/Src/stm32l0xx_hal_cortex.o
 .debug_macro   0x0000000000010a46      0x1ec Drivers/STM32L0xx_HAL_Driver/Src/stm32l0xx_hal_gpio.o
 .debug_macro   0x0000000000010c32      0x1d8 Drivers/STM32L0xx_HAL_Driver/Src/stm32l0xx_hal_rcc.o
 .debug_macro   0x0000000000010e0a      0x1b4 Drivers/STM32L0xx_HAL_Driver/Src/stm32l0xx_hal_rcc_ex.o
 .debug_macro   0x0000000000010fbe      0x1c3 Drivers/STM32L0xx_HAL_Driver/Src/stm32l0xx_hal_spi.o
 .debug_macro   0x0000000000011181      0x1df Drivers/STM32L0xx_HAL_Driver/Src/stm32l0xx_hal_uart.o

.debug_line     0x0000000000000000     0xc334
 .debug_line    0x0000000000000000      0x8ed Core/Src/Display_EPD_W21.o
 .debug_line    0x00000000000008ed      0x797 Core/Src/Display_EPD_W21_spi.o
 .debug_line    0x0000000000001084      0xfe0 Core/Src/GUI_Paint.o
 .debug_line    0x0000000000002064      0x38b Core/Src/font12.o
 .debug_line    0x00000000000023ef      0x38b Core/Src/font16.o
 .debug_line    0x000000000000277a      0x38b Core/Src/font20.o
 .debug_line    0x0000000000002b05      0x38b Core/Src/font24.o
 .debug_line    0x0000000000002e90      0x38a Core/Src/font8.o
 .debug_line    0x000000000000321a      0x8d6 Core/Src/main.o
 .debug_line    0x0000000000003af0      0x780 Core/Src/stm32l0xx_hal_msp.o
 .debug_line    0x0000000000004270      0x738 Core/Src/stm32l0xx_it.o
 .debug_line    0x00000000000049a8      0x784 Core/Src/system_stm32l0xx.o
 .debug_line    0x000000000000512c       0x9b Core/Startup/startup_stm32l010rbtx.o
 .debug_line    0x00000000000051c7      0xa27 Drivers/STM32L0xx_HAL_Driver/Src/stm32l0xx_hal.o
 .debug_line    0x0000000000005bee      0x9fe Drivers/STM32L0xx_HAL_Driver/Src/stm32l0xx_hal_cortex.o
 .debug_line    0x00000000000065ec      0xad8 Drivers/STM32L0xx_HAL_Driver/Src/stm32l0xx_hal_gpio.o
 .debug_line    0x00000000000070c4      0xe5e Drivers/STM32L0xx_HAL_Driver/Src/stm32l0xx_hal_rcc.o
 .debug_line    0x0000000000007f22      0xa47 Drivers/STM32L0xx_HAL_Driver/Src/stm32l0xx_hal_rcc_ex.o
 .debug_line    0x0000000000008969     0x1c42 Drivers/STM32L0xx_HAL_Driver/Src/stm32l0xx_hal_spi.o
 .debug_line    0x000000000000a5ab     0x1d89 Drivers/STM32L0xx_HAL_Driver/Src/stm32l0xx_hal_uart.o

.debug_str      0x0000000000000000    0x66a62
 .debug_str     0x0000000000000000    0x602bb Core/Src/Display_EPD_W21.o
                                      0x605b2 (size before relaxing)
 .debug_str     0x00000000000602bb       0x75 Core/Src/Display_EPD_W21_spi.o
                                      0x60560 (size before relaxing)
 .debug_str     0x0000000000060330     0x40af Core/Src/GUI_Paint.o
                                       0x8113 (size before relaxing)
 .debug_str     0x00000000000643df       0x22 Core/Src/font12.o
                                       0x3cdc (size before relaxing)
 .debug_str     0x0000000000064401       0x22 Core/Src/font16.o
                                       0x3cdc (size before relaxing)
 .debug_str     0x0000000000064423       0x22 Core/Src/font20.o
                                       0x3cdc (size before relaxing)
 .debug_str     0x0000000000064445       0x22 Core/Src/font24.o
                                       0x3cdc (size before relaxing)
 .debug_str     0x0000000000064467       0x20 Core/Src/font8.o
                                       0x3cda (size before relaxing)
 .debug_str     0x0000000000064487      0x993 Core/Src/main.o
                                      0x61266 (size before relaxing)
 .debug_str     0x0000000000064e1a       0x7d Core/Src/stm32l0xx_hal_msp.o
                                      0x609c9 (size before relaxing)
 .debug_str     0x0000000000064e97       0x76 Core/Src/stm32l0xx_it.o
                                      0x60357 (size before relaxing)
 .debug_str     0x0000000000064f0d       0x61 Core/Src/system_stm32l0xx.o
                                      0x602aa (size before relaxing)
 .debug_str     0x0000000000064f6e       0x36 Core/Startup/startup_stm32l010rbtx.o
                                         0x6d (size before relaxing)
 .debug_str     0x0000000000064fa4      0x510 Drivers/STM32L0xx_HAL_Driver/Src/stm32l0xx_hal.o
                                      0x608c7 (size before relaxing)
 .debug_str     0x00000000000654b4      0x1ff Drivers/STM32L0xx_HAL_Driver/Src/stm32l0xx_hal_cortex.o
                                      0x605df (size before relaxing)
 .debug_str     0x00000000000656b3      0x1f2 Drivers/STM32L0xx_HAL_Driver/Src/stm32l0xx_hal_gpio.o
                                      0x6054f (size before relaxing)
 .debug_str     0x00000000000658a5      0x284 Drivers/STM32L0xx_HAL_Driver/Src/stm32l0xx_hal_rcc.o
                                      0x60720 (size before relaxing)
 .debug_str     0x0000000000065b29      0x13a Drivers/STM32L0xx_HAL_Driver/Src/stm32l0xx_hal_rcc_ex.o
                                      0x604ad (size before relaxing)
 .debug_str     0x0000000000065c63      0x57f Drivers/STM32L0xx_HAL_Driver/Src/stm32l0xx_hal_spi.o
                                      0x60b7e (size before relaxing)
 .debug_str     0x00000000000661e2      0x880 Drivers/STM32L0xx_HAL_Driver/Src/stm32l0xx_hal_uart.o
                                      0x60f9f (size before relaxing)

.comment        0x0000000000000000       0x53
 .comment       0x0000000000000000       0x53 Core/Src/Display_EPD_W21.o
                                         0x54 (size before relaxing)
 .comment       0x0000000000000053       0x54 Core/Src/Display_EPD_W21_spi.o
 .comment       0x0000000000000053       0x54 Core/Src/GUI_Paint.o
 .comment       0x0000000000000053       0x54 Core/Src/font12.o
 .comment       0x0000000000000053       0x54 Core/Src/font16.o
 .comment       0x0000000000000053       0x54 Core/Src/font20.o
 .comment       0x0000000000000053       0x54 Core/Src/font24.o
 .comment       0x0000000000000053       0x54 Core/Src/font8.o
 .comment       0x0000000000000053       0x54 Core/Src/main.o
 .comment       0x0000000000000053       0x54 Core/Src/stm32l0xx_hal_msp.o
 .comment       0x0000000000000053       0x54 Core/Src/stm32l0xx_it.o
 .comment       0x0000000000000053       0x54 Core/Src/system_stm32l0xx.o
 .comment       0x0000000000000053       0x54 Drivers/STM32L0xx_HAL_Driver/Src/stm32l0xx_hal.o
 .comment       0x0000000000000053       0x54 Drivers/STM32L0xx_HAL_Driver/Src/stm32l0xx_hal_cortex.o
 .comment       0x0000000000000053       0x54 Drivers/STM32L0xx_HAL_Driver/Src/stm32l0xx_hal_gpio.o
 .comment       0x0000000000000053       0x54 Drivers/STM32L0xx_HAL_Driver/Src/stm32l0xx_hal_rcc.o
 .comment       0x0000000000000053       0x54 Drivers/STM32L0xx_HAL_Driver/Src/stm32l0xx_hal_rcc_ex.o
 .comment       0x0000000000000053       0x54 Drivers/STM32L0xx_HAL_Driver/Src/stm32l0xx_hal_spi.o
 .comment       0x0000000000000053       0x54 Drivers/STM32L0xx_HAL_Driver/Src/stm32l0xx_hal_uart.o

.debug_frame    0x0000000000000000     0x2090
 .debug_frame   0x0000000000000000      0x104 Core/Src/Display_EPD_W21.o
 .debug_frame   0x0000000000000104       0xac Core/Src/Display_EPD_W21_spi.o
 .debug_frame   0x00000000000001b0      0x260 Core/Src/GUI_Paint.o
 .debug_frame   0x0000000000000410       0xc4 Core/Src/main.o
 .debug_frame   0x00000000000004d4       0xac Core/Src/stm32l0xx_hal_msp.o
 .debug_frame   0x0000000000000580       0x9c Core/Src/stm32l0xx_it.o
 .debug_frame   0x000000000000061c       0x4c Core/Src/system_stm32l0xx.o
 .debug_frame   0x0000000000000668      0x394 Drivers/STM32L0xx_HAL_Driver/Src/stm32l0xx_hal.o
 .debug_frame   0x00000000000009fc      0x2a0 Drivers/STM32L0xx_HAL_Driver/Src/stm32l0xx_hal_cortex.o
 .debug_frame   0x0000000000000c9c      0x110 Drivers/STM32L0xx_HAL_Driver/Src/stm32l0xx_hal_gpio.o
 .debug_frame   0x0000000000000dac      0x1a8 Drivers/STM32L0xx_HAL_Driver/Src/stm32l0xx_hal_rcc.o
 .debug_frame   0x0000000000000f54       0xfc Drivers/STM32L0xx_HAL_Driver/Src/stm32l0xx_hal_rcc_ex.o
 .debug_frame   0x0000000000001050      0x6f0 Drivers/STM32L0xx_HAL_Driver/Src/stm32l0xx_hal_spi.o
 .debug_frame   0x0000000000001740      0x854 Drivers/STM32L0xx_HAL_Driver/Src/stm32l0xx_hal_uart.o
 .debug_frame   0x0000000000001f94       0x2c c:/st/stm32cubeide_1.3.0/stm32cubeide/plugins/com.st.stm32cube.ide.mcu.externaltools.gnu-tools-for-stm32.9-2020-q2-update.win32_1.5.0.202011040924/tools/bin/../lib/gcc/arm-none-eabi/9.3.1/../../../../arm-none-eabi/lib/thumb/v6-m/nofp\libc_nano.a(lib_a-init.o)
 .debug_frame   0x0000000000001fc0       0x20 c:/st/stm32cubeide_1.3.0/stm32cubeide/plugins/com.st.stm32cube.ide.mcu.externaltools.gnu-tools-for-stm32.9-2020-q2-update.win32_1.5.0.202011040924/tools/bin/../lib/gcc/arm-none-eabi/9.3.1/../../../../arm-none-eabi/lib/thumb/v6-m/nofp\libc_nano.a(lib_a-memset.o)
 .debug_frame   0x0000000000001fe0       0x20 c:/st/stm32cubeide_1.3.0/stm32cubeide/plugins/com.st.stm32cube.ide.mcu.externaltools.gnu-tools-for-stm32.9-2020-q2-update.win32_1.5.0.202011040924/tools/bin/../lib/gcc/arm-none-eabi/9.3.1/thumb/v6-m/nofp\libgcc.a(_udivsi3.o)
 .debug_frame   0x0000000000002000       0x20 c:/st/stm32cubeide_1.3.0/stm32cubeide/plugins/com.st.stm32cube.ide.mcu.externaltools.gnu-tools-for-stm32.9-2020-q2-update.win32_1.5.0.202011040924/tools/bin/../lib/gcc/arm-none-eabi/9.3.1/thumb/v6-m/nofp\libgcc.a(_divsi3.o)
 .debug_frame   0x0000000000002020       0x34 c:/st/stm32cubeide_1.3.0/stm32cubeide/plugins/com.st.stm32cube.ide.mcu.externaltools.gnu-tools-for-stm32.9-2020-q2-update.win32_1.5.0.202011040924/tools/bin/../lib/gcc/arm-none-eabi/9.3.1/thumb/v6-m/nofp\libgcc.a(_muldi3.o)
 .debug_frame   0x0000000000002054       0x3c c:/st/stm32cubeide_1.3.0/stm32cubeide/plugins/com.st.stm32cube.ide.mcu.externaltools.gnu-tools-for-stm32.9-2020-q2-update.win32_1.5.0.202011040924/tools/bin/../lib/gcc/arm-none-eabi/9.3.1/thumb/v6-m/nofp\libgcc.a(_udivmoddi4.o)
